Archive member included to satisfy reference by file (symbol)

D:\Alberto\Documents\STM32CubeIDE\rsense-micro-adc-dma\lib\libarm_cortexM4lf_math.a(arm_rfft_fast_init_f32.o)
                              Core/Src/audio_fft.o (arm_rfft_fast_init_f32)
D:\Alberto\Documents\STM32CubeIDE\rsense-micro-adc-dma\lib\libarm_cortexM4lf_math.a(arm_rfft_fast_f32.o)
                              Core/Src/audio_fft.o (arm_rfft_fast_f32)
D:\Alberto\Documents\STM32CubeIDE\rsense-micro-adc-dma\lib\libarm_cortexM4lf_math.a(arm_cfft_f32.o)
                              D:\Alberto\Documents\STM32CubeIDE\rsense-micro-adc-dma\lib\libarm_cortexM4lf_math.a(arm_rfft_fast_f32.o) (arm_cfft_f32)
D:\Alberto\Documents\STM32CubeIDE\rsense-micro-adc-dma\lib\libarm_cortexM4lf_math.a(arm_cmplx_mag_f32.o)
                              Core/Src/audio_fft.o (arm_cmplx_mag_f32)
D:\Alberto\Documents\STM32CubeIDE\rsense-micro-adc-dma\lib\libarm_cortexM4lf_math.a(arm_mult_f32.o)
                              Core/Src/audio_fft.o (arm_mult_f32)
D:\Alberto\Documents\STM32CubeIDE\rsense-micro-adc-dma\lib\libarm_cortexM4lf_math.a(arm_common_tables.o)
                              D:\Alberto\Documents\STM32CubeIDE\rsense-micro-adc-dma\lib\libarm_cortexM4lf_math.a(arm_rfft_fast_init_f32.o) (twiddleCoef_rfft_4096)
D:\Alberto\Documents\STM32CubeIDE\rsense-micro-adc-dma\lib\libarm_cortexM4lf_math.a(arm_bitreversal2.o)
                              D:\Alberto\Documents\STM32CubeIDE\rsense-micro-adc-dma\lib\libarm_cortexM4lf_math.a(arm_cfft_f32.o) (arm_bitreversal_32)
D:\Alberto\Documents\STM32CubeIDE\rsense-micro-adc-dma\lib\libarm_cortexM4lf_math.a(arm_cfft_radix8_f32.o)
                              D:\Alberto\Documents\STM32CubeIDE\rsense-micro-adc-dma\lib\libarm_cortexM4lf_math.a(arm_cfft_f32.o) (arm_radix8_butterfly_f32)
d:/archivosdprograma/stm32cubeide_1.5.0/stm32cubeide/plugins/com.st.stm32cube.ide.mcu.externaltools.gnu-tools-for-stm32.7-2018-q2-update.win32_1.5.0.202011040924/tools/bin/../lib/gcc/arm-none-eabi/7.3.1/../../../../arm-none-eabi/lib/thumb/v7e-m/fpv4-sp/hard\libc_nano.a(lib_a-calloc.o)
                              Core/Src/audio_fft.o (calloc)
d:/archivosdprograma/stm32cubeide_1.5.0/stm32cubeide/plugins/com.st.stm32cube.ide.mcu.externaltools.gnu-tools-for-stm32.7-2018-q2-update.win32_1.5.0.202011040924/tools/bin/../lib/gcc/arm-none-eabi/7.3.1/../../../../arm-none-eabi/lib/thumb/v7e-m/fpv4-sp/hard\libc_nano.a(lib_a-errno.o)
                              Core/Src/syscalls.o (__errno)
d:/archivosdprograma/stm32cubeide_1.5.0/stm32cubeide/plugins/com.st.stm32cube.ide.mcu.externaltools.gnu-tools-for-stm32.7-2018-q2-update.win32_1.5.0.202011040924/tools/bin/../lib/gcc/arm-none-eabi/7.3.1/../../../../arm-none-eabi/lib/thumb/v7e-m/fpv4-sp/hard\libc_nano.a(lib_a-exit.o)
                              d:/archivosdprograma/stm32cubeide_1.5.0/stm32cubeide/plugins/com.st.stm32cube.ide.mcu.externaltools.gnu-tools-for-stm32.7-2018-q2-update.win32_1.5.0.202011040924/tools/bin/../lib/gcc/arm-none-eabi/7.3.1/../../../../arm-none-eabi/lib/thumb/v7e-m/fpv4-sp/hard/crt0.o (exit)
d:/archivosdprograma/stm32cubeide_1.5.0/stm32cubeide/plugins/com.st.stm32cube.ide.mcu.externaltools.gnu-tools-for-stm32.7-2018-q2-update.win32_1.5.0.202011040924/tools/bin/../lib/gcc/arm-none-eabi/7.3.1/../../../../arm-none-eabi/lib/thumb/v7e-m/fpv4-sp/hard\libc_nano.a(lib_a-impure.o)
                              d:/archivosdprograma/stm32cubeide_1.5.0/stm32cubeide/plugins/com.st.stm32cube.ide.mcu.externaltools.gnu-tools-for-stm32.7-2018-q2-update.win32_1.5.0.202011040924/tools/bin/../lib/gcc/arm-none-eabi/7.3.1/../../../../arm-none-eabi/lib/thumb/v7e-m/fpv4-sp/hard\libc_nano.a(lib_a-exit.o) (_global_impure_ptr)
d:/archivosdprograma/stm32cubeide_1.5.0/stm32cubeide/plugins/com.st.stm32cube.ide.mcu.externaltools.gnu-tools-for-stm32.7-2018-q2-update.win32_1.5.0.202011040924/tools/bin/../lib/gcc/arm-none-eabi/7.3.1/../../../../arm-none-eabi/lib/thumb/v7e-m/fpv4-sp/hard\libc_nano.a(lib_a-init.o)
                              d:/archivosdprograma/stm32cubeide_1.5.0/stm32cubeide/plugins/com.st.stm32cube.ide.mcu.externaltools.gnu-tools-for-stm32.7-2018-q2-update.win32_1.5.0.202011040924/tools/bin/../lib/gcc/arm-none-eabi/7.3.1/../../../../arm-none-eabi/lib/thumb/v7e-m/fpv4-sp/hard/crt0.o (__libc_init_array)
d:/archivosdprograma/stm32cubeide_1.5.0/stm32cubeide/plugins/com.st.stm32cube.ide.mcu.externaltools.gnu-tools-for-stm32.7-2018-q2-update.win32_1.5.0.202011040924/tools/bin/../lib/gcc/arm-none-eabi/7.3.1/../../../../arm-none-eabi/lib/thumb/v7e-m/fpv4-sp/hard\libc_nano.a(lib_a-malloc.o)
                              Middlewares/ST/STM32_USB_Device_Library/Class/CDC/Src/usbd_cdc.o (malloc)
d:/archivosdprograma/stm32cubeide_1.5.0/stm32cubeide/plugins/com.st.stm32cube.ide.mcu.externaltools.gnu-tools-for-stm32.7-2018-q2-update.win32_1.5.0.202011040924/tools/bin/../lib/gcc/arm-none-eabi/7.3.1/../../../../arm-none-eabi/lib/thumb/v7e-m/fpv4-sp/hard\libc_nano.a(lib_a-memcpy-stub.o)
[...]
Memory Configuration

Name             Origin             Length             Attributes
RAM              0x0000000020000000 0x00000000000a0000 xrw
FLASH            0x0000000008000000 0x0000000000200000 xr
*default*        0x0000000000000000 0xffffffffffffffff

Linker script and memory map

LOAD d:/archivosdprograma/stm32cubeide_1.5.0/stm32cubeide/plugins/com.st.stm32cube.ide.mcu.externaltools.gnu-tools-for-stm32.7-2018-q2-update.win32_1.5.0.202011040924/tools/bin/../lib/gcc/arm-none-eabi/7.3.1/thumb/v7e-m/fpv4-sp/hard/crti.o
LOAD d:/archivosdprograma/stm32cubeide_1.5.0/stm32cubeide/plugins/com.st.stm32cube.ide.mcu.externaltools.gnu-tools-for-stm32.7-2018-q2-update.win32_1.5.0.202011040924/tools/bin/../lib/gcc/arm-none-eabi/7.3.1/thumb/v7e-m/fpv4-sp/hard/crtbegin.o
LOAD d:/archivosdprograma/stm32cubeide_1.5.0/stm32cubeide/plugins/com.st.stm32cube.ide.mcu.externaltools.gnu-tools-for-stm32.7-2018-q2-update.win32_1.5.0.202011040924/tools/bin/../lib/gcc/arm-none-eabi/7.3.1/../../../../arm-none-eabi/lib/thumb/v7e-m/fpv4-sp/hard/crt0.o
LOAD Core/Src/audio_fft.o
LOAD Core/Src/main.o
LOAD Core/Src/stm32l4xx_hal_msp.o
LOAD Core/Src/stm32l4xx_it.o
LOAD Core/Src/syscalls.o
LOAD Core/Src/sysmem.o
LOAD Core/Src/system_stm32l4xx.o
LOAD Core/Startup/startup_stm32l4r9zijx.o
LOAD Drivers/STM32L4xx_HAL_Driver/Src/stm32l4xx_hal.o
LOAD Drivers/STM32L4xx_HAL_Driver/Src/stm32l4xx_hal_adc.o
LOAD Drivers/STM32L4xx_HAL_Driver/Src/stm32l4xx_hal_adc_ex.o
LOAD Drivers/STM32L4xx_HAL_Driver/Src/stm32l4xx_hal_cortex.o
LOAD Drivers/STM32L4xx_HAL_Driver/Src/stm32l4xx_hal_dma.o
LOAD Drivers/STM32L4xx_HAL_Driver/Src/stm32l4xx_hal_dma_ex.o
LOAD Drivers/STM32L4xx_HAL_Driver/Src/stm32l4xx_hal_exti.o
LOAD Drivers/STM32L4xx_HAL_Driver/Src/stm32l4xx_hal_flash.o
LOAD Drivers/STM32L4xx_HAL_Driver/Src/stm32l4xx_hal_flash_ex.o
LOAD Drivers/STM32L4xx_HAL_Driver/Src/stm32l4xx_hal_flash_ramfunc.o
LOAD Drivers/STM32L4xx_HAL_Driver/Src/stm32l4xx_hal_gpio.o
LOAD Drivers/STM32L4xx_HAL_Driver/Src/stm32l4xx_hal_i2c.o
LOAD Drivers/STM32L4xx_HAL_Driver/Src/stm32l4xx_hal_i2c_ex.o
LOAD Drivers/STM32L4xx_HAL_Driver/Src/stm32l4xx_hal_pcd.o
LOAD Drivers/STM32L4xx_HAL_Driver/Src/stm32l4xx_hal_pcd_ex.o
LOAD Drivers/STM32L4xx_HAL_Driver/Src/stm32l4xx_hal_pwr.o
LOAD Drivers/STM32L4xx_HAL_Driver/Src/stm32l4xx_hal_pwr_ex.o
LOAD Drivers/STM32L4xx_HAL_Driver/Src/stm32l4xx_hal_rcc.o
LOAD Drivers/STM32L4xx_HAL_Driver/Src/stm32l4xx_hal_rcc_ex.o
LOAD Drivers/STM32L4xx_HAL_Driver/Src/stm32l4xx_hal_tim.o
LOAD Drivers/STM32L4xx_HAL_Driver/Src/stm32l4xx_hal_tim_ex.o
LOAD Drivers/STM32L4xx_HAL_Driver/Src/stm32l4xx_hal_uart.o
LOAD Drivers/STM32L4xx_HAL_Driver/Src/stm32l4xx_hal_uart_ex.o
LOAD Drivers/STM32L4xx_HAL_Driver/Src/stm32l4xx_ll_usb.o
LOAD Middlewares/ST/STM32_USB_Device_Library/Class/CDC/Src/usbd_cdc.o
LOAD Middlewares/ST/STM32_USB_Device_Library/Core/Src/usbd_core.o
LOAD Middlewares/ST/STM32_USB_Device_Library/Core/Src/usbd_ctlreq.o
LOAD Middlewares/ST/STM32_USB_Device_Library/Core/Src/usbd_ioreq.o
LOAD USB_DEVICE/App/usb_device.o
LOAD USB_DEVICE/App/usbd_cdc_if.o
LOAD USB_DEVICE/App/usbd_desc.o
LOAD USB_DEVICE/Target/usbd_conf.o
LOAD D:\Alberto\Documents\STM32CubeIDE\rsense-micro-adc-dma\lib\libarm_cortexM4lf_math.a
START GROUP
LOAD d:/archivosdprograma/stm32cubeide_1.5.0/stm32cubeide/plugins/com.st.stm32cube.ide.mcu.externaltools.gnu-tools-for-stm32.7-2018-q2-update.win32_1.5.0.202011040924/tools/bin/../lib/gcc/arm-none-eabi/7.3.1/../../../../arm-none-eabi/lib/thumb/v7e-m/fpv4-sp/hard\libc_nano.a
LOAD d:/archivosdprograma/stm32cubeide_1.5.0/stm32cubeide/plugins/com.st.stm32cube.ide.mcu.externaltools.gnu-tools-for-stm32.7-2018-q2-update.win32_1.5.0.202011040924/tools/bin/../lib/gcc/arm-none-eabi/7.3.1/../../../../arm-none-eabi/lib/thumb/v7e-m/fpv4-sp/hard\libm.a
END GROUP
START GROUP
LOAD d:/archivosdprograma/stm32cubeide_1.5.0/stm32cubeide/plugins/com.st.stm32cube.ide.mcu.externaltools.gnu-tools-for-stm32.7-2018-q2-update.win32_1.5.0.202011040924/tools/bin/../lib/gcc/arm-none-eabi/7.3.1/thumb/v7e-m/fpv4-sp/hard\libgcc.a
LOAD d:/archivosdprograma/stm32cubeide_1.5.0/stm32cubeide/plugins/com.st.stm32cube.ide.mcu.externaltools.gnu-tools-for-stm32.7-2018-q2-update.win32_1.5.0.202011040924/tools/bin/../lib/gcc/arm-none-eabi/7.3.1/../../../../arm-none-eabi/lib/thumb/v7e-m/fpv4-sp/hard\libc_nano.a
END GROUP
START GROUP
LOAD d:/archivosdprograma/stm32cubeide_1.5.0/stm32cubeide/plugins/com.st.stm32cube.ide.mcu.externaltools.gnu-tools-for-stm32.7-2018-q2-update.win32_1.5.0.202011040924/tools/bin/../lib/gcc/arm-none-eabi/7.3.1/thumb/v7e-m/fpv4-sp/hard\libgcc.a
LOAD d:/archivosdprograma/stm32cubeide_1.5.0/stm32cubeide/plugins/com.st.stm32cube.ide.mcu.externaltools.gnu-tools-for-stm32.7-2018-q2-update.win32_1.5.0.202011040924/tools/bin/../lib/gcc/arm-none-eabi/7.3.1/../../../../arm-none-eabi/lib/thumb/v7e-m/fpv4-sp/hard\libc_nano.a
LOAD d:/archivosdprograma/stm32cubeide_1.5.0/stm32cubeide/plugins/com.st.stm32cube.ide.mcu.externaltools.gnu-tools-for-stm32.7-2018-q2-update.win32_1.5.0.202011040924/tools/bin/../lib/gcc/arm-none-eabi/7.3.1/../../../../arm-none-eabi/lib/thumb/v7e-m/fpv4-sp/hard\libnosys.a
END GROUP
START GROUP
LOAD d:/archivosdprograma/stm32cubeide_1.5.0/stm32cubeide/plugins/com.st.stm32cube.ide.mcu.externaltools.gnu-tools-for-stm32.7-2018-q2-update.win32_1.5.0.202011040924/tools/bin/../lib/gcc/arm-none-eabi/7.3.1/thumb/v7e-m/fpv4-sp/hard\libgcc.a
LOAD d:/archivosdprograma/stm32cubeide_1.5.0/stm32cubeide/plugins/com.st.stm32cube.ide.mcu.externaltools.gnu-tools-for-stm32.7-2018-q2-update.win32_1.5.0.202011040924/tools/bin/../lib/gcc/arm-none-eabi/7.3.1/../../../../arm-none-eabi/lib/thumb/v7e-m/fpv4-sp/hard\libc_nano.a
LOAD d:/archivosdprograma/stm32cubeide_1.5.0/stm32cubeide/plugins/com.st.stm32cube.ide.mcu.externaltools.gnu-tools-for-stm32.7-2018-q2-update.win32_1.5.0.202011040924/tools/bin/../lib/gcc/arm-none-eabi/7.3.1/../../../../arm-none-eabi/lib/thumb/v7e-m/fpv4-sp/hard\libnosys.a
END GROUP
LOAD d:/archivosdprograma/stm32cubeide_1.5.0/stm32cubeide/plugins/com.st.stm32cube.ide.mcu.externaltools.gnu-tools-for-stm32.7-2018-q2-update.win32_1.5.0.202011040924/tools/bin/../lib/gcc/arm-none-eabi/7.3.1/thumb/v7e-m/fpv4-sp/hard/crtend.o
LOAD d:/archivosdprograma/stm32cubeide_1.5.0/stm32cubeide/plugins/com.st.stm32cube.ide.mcu.externaltools.gnu-tools-for-stm32.7-2018-q2-update.win32_1.5.0.202011040924/tools/bin/../lib/gcc/arm-none-eabi/7.3.1/thumb/v7e-m/fpv4-sp/hard/crtn.o
                0x00000000200a0000                _estack = (ORIGIN (RAM) + LENGTH (RAM))
                0x0000000000000200                _Min_Heap_Size = 0x200
                0x0000000000000400                _Min_Stack_Size = 0x400

.isr_vector     0x0000000008000000      0x1bc
                0x0000000008000000                . = ALIGN (0x4)
 *(.isr_vector)
 .isr_vector    0x0000000008000000      0x1bc Core/Startup/startup_stm32l4r9zijx.o
                0x0000000008000000                g_pfnVectors
                0x00000000080001bc                . = ALIGN (0x4)

.text           0x00000000080001c0     0xdb74
                0x00000000080001c0                . = ALIGN (0x4)
 *(.text)
 .text          0x00000000080001c0       0x40 d:/archivosdprograma/stm32cubeide_1.5.0/stm32cubeide/plugins/com.st.stm32cube.ide.mcu.externaltools.gnu-tools-for-stm32.7-2018-q2-update.win32_1.5.0.202011040924/tools/bin/../lib/gcc/arm-none-eabi/7.3.1/thumb/v7e-m/fpv4-sp/hard/crtbegin.o
 .text          0x0000000008000200       0xc0 D:\Alberto\Documents\STM32CubeIDE\rsense-micro-adc-dma\lib\libarm_cortexM4lf_math.a(arm_bitreversal2.o)
                0x0000000008000200                arm_bitreversal_32
                0x000000000800026a                arm_bitreversal_16
 .text          0x00000000080002c0      0x378 d:/archivosdprograma/stm32cubeide_1.5.0/stm32cubeide/plugins/com.st.stm32cube.ide.mcu.externaltools.gnu-tools-for-stm32.7-2018-q2-update.win32_1.5.0.202011040924/tools/bin/../lib/gcc/arm-none-eabi/7.3.1/thumb/v7e-m/fpv4-sp/hard\libgcc.a(_arm_addsubdf3.o)
                0x00000000080002c0                __aeabi_drsub
                0x00000000080002c8                __aeabi_dsub
                0x00000000080002c8                __subdf3
                0x00000000080002cc                __aeabi_dadd
                0x00000000080002cc                __adddf3
                0x0000000008000544                __floatunsidf
                0x0000000008000544                __aeabi_ui2d
                0x0000000008000564                __floatsidf
                0x0000000008000564                __aeabi_i2d
                0x0000000008000588                __aeabi_f2d
                0x0000000008000588                __extendsfdf2
                0x00000000080005cc                __floatundidf
                0x00000000080005cc                __aeabi_ul2d
                0x00000000080005dc                __floatdidf
                0x00000000080005dc                __aeabi_l2d
 .text          0x0000000008000638      0x424 d:/archivosdprograma/stm32cubeide_1.5.0/stm32cubeide/plugins/com.st.stm32cube.ide.mcu.externaltools.gnu-tools-for-stm32.7-2018-q2-update.win32_1.5.0.202011040924/tools/bin/../lib/gcc/arm-none-eabi/7.3.1/thumb/v7e-m/fpv4-sp/hard\libgcc.a(_arm_muldivdf3.o)
                0x0000000008000638                __aeabi_dmul
                0x0000000008000638                __muldf3
                0x000000000800088c                __divdf3
                0x000000000800088c                __aeabi_ddiv
 .text          0x0000000008000a5c      0x110 d:/archivosdprograma/stm32cubeide_1.5.0/stm32cubeide/plugins/com.st.stm32cube.ide.mcu.externaltools.gnu-tools-for-stm32.7-2018-q2-update.win32_1.5.0.202011040924/tools/bin/../lib/gcc/arm-none-eabi/7.3.1/thumb/v7e-m/fpv4-sp/hard\libgcc.a(_arm_cmpdf2.o)
                0x0000000008000a5c                __gtdf2
                0x0000000008000a5c                __gedf2
                0x0000000008000a64                __ltdf2
                0x0000000008000a64                __ledf2
                0x0000000008000a6c                __nedf2
                0x0000000008000a6c                __eqdf2
                0x0000000008000a6c                __cmpdf2
                0x0000000008000ae8                __aeabi_cdrcmple
                0x0000000008000af8                __aeabi_cdcmpeq
                0x0000000008000af8                __aeabi_cdcmple
                0x0000000008000b08                __aeabi_dcmpeq
                0x0000000008000b1c                __aeabi_dcmplt
                0x0000000008000b30                __aeabi_dcmple
                0x0000000008000b44                __aeabi_dcmpge
                0x0000000008000b58                __aeabi_dcmpgt
 .text          0x0000000008000b6c       0x2c d:/archivosdprograma/stm32cubeide_1.5.0/stm32cubeide/plugins/com.st.stm32cube.ide.mcu.externaltools.gnu-tools-for-stm32.7-2018-q2-update.win32_1.5.0.202011040924/tools/bin/../lib/gcc/arm-none-eabi/7.3.1/thumb/v7e-m/fpv4-sp/hard\libgcc.a(_arm_unorddf2.o)
                0x0000000008000b6c                __unorddf2
                0x0000000008000b6c                __aeabi_dcmpun
 .text          0x0000000008000b98       0x50 d:/archivosdprograma/stm32cubeide_1.5.0/stm32cubeide/plugins/com.st.stm32cube.ide.mcu.externaltools.gnu-tools-for-stm32.7-2018-q2-update.win32_1.5.0.202011040924/tools/bin/../lib/gcc/arm-none-eabi/7.3.1/thumb/v7e-m/fpv4-sp/hard\libgcc.a(_arm_fixdfsi.o)
                0x0000000008000b98                __aeabi_d2iz
                0x0000000008000b98                __fixdfsi
 .text          0x0000000008000be8       0xa0 d:/archivosdprograma/stm32cubeide_1.5.0/stm32cubeide/plugins/com.st.stm32cube.ide.mcu.externaltools.gnu-tools-for-stm32.7-2018-q2-update.win32_1.5.0.202011040924/tools/bin/../lib/gcc/arm-none-eabi/7.3.1/thumb/v7e-m/fpv4-sp/hard\libgcc.a(_arm_truncdfsf2.o)
                0x0000000008000be8                __truncdfsf2
                0x0000000008000be8                __aeabi_d2f
 .text          0x0000000008000c88       0x30 d:/archivosdprograma/stm32cubeide_1.5.0/stm32cubeide/plugins/com.st.stm32cube.ide.mcu.externaltools.gnu-tools-for-stm32.7-2018-q2-update.win32_1.5.0.202011040924/tools/bin/../lib/gcc/arm-none-eabi/7.3.1/thumb/v7e-m/fpv4-sp/hard\libgcc.a(_aeabi_uldivmod.o)
                0x0000000008000c88                __aeabi_uldivmod
 .text          0x0000000008000cb8      0x2cc d:/archivosdprograma/stm32cubeide_1.5.0/stm32cubeide/plugins/com.st.stm32cube.ide.mcu.externaltools.gnu-tools-for-stm32.7-2018-q2-update.win32_1.5.0.202011040924/tools/bin/../lib/gcc/arm-none-eabi/7.3.1/thumb/v7e-m/fpv4-sp/hard\libgcc.a(_udivmoddi4.o)
                0x0000000008000cb8                __udivmoddi4
 .text          0x0000000008000f84        0x4 d:/archivosdprograma/stm32cubeide_1.5.0/stm32cubeide/plugins/com.st.stm32cube.ide.mcu.externaltools.gnu-tools-for-stm32.7-2018-q2-update.win32_1.5.0.202011040924/tools/bin/../lib/gcc/arm-none-eabi/7.3.1/thumb/v7e-m/fpv4-sp/hard\libgcc.a(_dvmd_tls.o)
                0x0000000008000f84                __aeabi_idiv0
                0x0000000008000f84                __aeabi_ldiv0
 *(.text*)
 .text.AUDIO_FFT_Init
                0x0000000008000f88      0x194 Core/Src/audio_fft.o
                0x0000000008000f88                AUDIO_FFT_Init
 .text.AUDIO_FFT_Data_Input
                0x000000000800111c       0xd4 Core/Src/audio_fft.o
                0x000000000800111c                AUDIO_FFT_Data_Input
 .text.AUDIO_FFT_Process
                0x00000000080011f0       0x94 Core/Src/audio_fft.o
                0x00000000080011f0                AUDIO_FFT_Process
 *fill*         0x0000000008001284        0x4 
 .text.TukeyWin
                0x0000000008001288      0x200 Core/Src/audio_fft.o
 .text.HammingWin
                0x0000000008001488       0xc4 Core/Src/audio_fft.o
 *fill*         0x000000000800154c        0x4 
 .text.BlackmanHarrisWin
                0x0000000008001550      0x140 Core/Src/audio_fft.o
 .text.main     0x0000000008001690      0x534 Core/Src/main.o
                0x0000000008001690                main
 .text.SystemClock_Config
                0x0000000008001bc4       0xda Core/Src/main.o
                0x0000000008001bc4                SystemClock_Config
 *fill*         0x0000000008001c9e        0x2 
 .text.MX_ADC1_Init
                0x0000000008001ca0       0xcc Core/Src/main.o
 .text.MX_USART2_UART_Init
                0x0000000008001d6c       0x98 Core/Src/main.o
 .text.MX_DMA_Init
                0x0000000008001e04       0x64 Core/Src/main.o
 .text.MX_GPIO_Init
                0x0000000008001e68      0x570 Core/Src/main.o
 .text.HAL_ADC_ConvHalfCpltCallback
                0x00000000080023d8       0x14 Core/Src/main.o
                0x00000000080023d8                HAL_ADC_ConvHalfCpltCallback
 .text.HAL_ADC_ConvCpltCallback
                0x00000000080023ec       0x20 Core/Src/main.o
                0x00000000080023ec                HAL_ADC_ConvCpltCallback
 .text.Error_Handler
                0x000000000800240c        0x8 Core/Src/main.o
                0x000000000800240c                Error_Handler
 .text.HAL_MspInit
                0x0000000008002414       0x48 Core/Src/stm32l4xx_hal_msp.o
                0x0000000008002414                HAL_MspInit
 .text.HAL_ADC_MspInit
                0x000000000800245c       0xdc Core/Src/stm32l4xx_hal_msp.o
                0x000000000800245c                HAL_ADC_MspInit
 .text.HAL_UART_MspInit
                0x0000000008002538       0xe0 Core/Src/stm32l4xx_hal_msp.o
                0x0000000008002538                HAL_UART_MspInit
 .text.NMI_Handler
                0x0000000008002618        0x6 Core/Src/stm32l4xx_it.o
                0x0000000008002618                NMI_Handler
 .text.HardFault_Handler
                0x000000000800261e        0x6 Core/Src/stm32l4xx_it.o
                0x000000000800261e                HardFault_Handler
 .text.MemManage_Handler
                0x0000000008002624        0x6 Core/Src/stm32l4xx_it.o
                0x0000000008002624                MemManage_Handler
 .text.BusFault_Handler
                0x000000000800262a        0x6 Core/Src/stm32l4xx_it.o
                0x000000000800262a                BusFault_Handler
 .text.UsageFault_Handler
                0x0000000008002630        0x6 Core/Src/stm32l4xx_it.o
                0x0000000008002630                UsageFault_Handler
 .text.SVC_Handler
                0x0000000008002636        0xe Core/Src/stm32l4xx_it.o
                0x0000000008002636                SVC_Handler
 .text.DebugMon_Handler
                0x0000000008002644        0xe Core/Src/stm32l4xx_it.o
                0x0000000008002644                DebugMon_Handler
 .text.PendSV_Handler
                0x0000000008002652        0xe Core/Src/stm32l4xx_it.o
                0x0000000008002652                PendSV_Handler
 .text.SysTick_Handler
                0x0000000008002660        0xc Core/Src/stm32l4xx_it.o
                0x0000000008002660                SysTick_Handler
 .text.DMA1_Channel1_IRQHandler
                0x000000000800266c       0x14 Core/Src/stm32l4xx_it.o
                0x000000000800266c                DMA1_Channel1_IRQHandler
 .text.DMA1_Channel2_IRQHandler
                0x0000000008002680       0x14 Core/Src/stm32l4xx_it.o
                0x0000000008002680                DMA1_Channel2_IRQHandler
 .text.OTG_FS_IRQHandler
                0x0000000008002694       0x14 Core/Src/stm32l4xx_it.o
                0x0000000008002694                OTG_FS_IRQHandler
 .text._sbrk    0x00000000080026a8       0x6c Core/Src/sysmem.o
                0x00000000080026a8                _sbrk
 .text.SystemInit
                0x0000000008002714       0x6c Core/Src/system_stm32l4xx.o
                0x0000000008002714                SystemInit
 .text.Reset_Handler
                0x0000000008002780       0x50 Core/Startup/startup_stm32l4r9zijx.o
                0x0000000008002780                Reset_Handler
 .text.Default_Handler
                0x00000000080027d0        0x2 Core/Startup/startup_stm32l4r9zijx.o
                0x00000000080027d0                RTC_Alarm_IRQHandler
                0x00000000080027d0                EXTI2_IRQHandler
                0x00000000080027d0                TIM8_TRG_COM_IRQHandler
                0x00000000080027d0                TIM8_CC_IRQHandler
                0x00000000080027d0                TIM1_CC_IRQHandler
                0x00000000080027d0                TSC_IRQHandler
                0x00000000080027d0                TAMP_STAMP_IRQHandler
                0x00000000080027d0                EXTI3_IRQHandler
                0x00000000080027d0                LPTIM2_IRQHandler
                0x00000000080027d0                DFSDM1_FLT1_IRQHandler
                0x00000000080027d0                GFXMMU_IRQHandler
                0x00000000080027d0                I2C3_ER_IRQHandler
                0x00000000080027d0                DFSDM1_FLT2_IRQHandler
                0x00000000080027d0                EXTI0_IRQHandler
                0x00000000080027d0                I2C2_EV_IRQHandler
                0x00000000080027d0                CAN1_RX0_IRQHandler
                0x00000000080027d0                FPU_IRQHandler
                0x00000000080027d0                TIM1_UP_TIM16_IRQHandler
                0x00000000080027d0                LTDC_ER_IRQHandler
                0x00000000080027d0                SPI1_IRQHandler
                0x00000000080027d0                OCTOSPI1_IRQHandler
                0x00000000080027d0                TIM6_DAC_IRQHandler
                0x00000000080027d0                DCMI_IRQHandler
                0x00000000080027d0                TIM8_UP_IRQHandler
                0x00000000080027d0                OCTOSPI2_IRQHandler
                0x00000000080027d0                DMA2_Channel2_IRQHandler
                0x00000000080027d0                DMA1_Channel4_IRQHandler
                0x00000000080027d0                SAI2_IRQHandler
                0x00000000080027d0                ADC1_IRQHandler
                0x00000000080027d0                DFSDM1_FLT3_IRQHandler
                0x00000000080027d0                USART3_IRQHandler
                0x00000000080027d0                DMA1_Channel7_IRQHandler
                0x00000000080027d0                CAN1_RX1_IRQHandler
                0x00000000080027d0                UART5_IRQHandler
                0x00000000080027d0                TIM4_IRQHandler
                0x00000000080027d0                DMA2_Channel1_IRQHandler
                0x00000000080027d0                I2C1_EV_IRQHandler
                0x00000000080027d0                DMAMUX1_OVR_IRQHandler
                0x00000000080027d0                DMA1_Channel6_IRQHandler
                0x00000000080027d0                UART4_IRQHandler
                0x00000000080027d0                DMA2_Channel4_IRQHandler
                0x00000000080027d0                TIM3_IRQHandler
                0x00000000080027d0                RCC_IRQHandler
                0x00000000080027d0                Default_Handler
                0x00000000080027d0                DMA2_Channel7_IRQHandler
                0x00000000080027d0                EXTI15_10_IRQHandler
                0x00000000080027d0                TIM7_IRQHandler
                0x00000000080027d0                SDMMC1_IRQHandler
                0x00000000080027d0                TIM5_IRQHandler
                0x00000000080027d0                I2C3_EV_IRQHandler
                0x00000000080027d0                EXTI9_5_IRQHandler
                0x00000000080027d0                RTC_WKUP_IRQHandler
                0x00000000080027d0                LTDC_IRQHandler
                0x00000000080027d0                PVD_PVM_IRQHandler
                0x00000000080027d0                SPI2_IRQHandler
                0x00000000080027d0                CAN1_TX_IRQHandler
                0x00000000080027d0                DMA2_Channel5_IRQHandler
                0x00000000080027d0                CRS_IRQHandler
                0x00000000080027d0                DMA1_Channel5_IRQHandler
                0x00000000080027d0                EXTI4_IRQHandler
                0x00000000080027d0                RNG_IRQHandler
                0x00000000080027d0                TIM1_TRG_COM_TIM17_IRQHandler
                0x00000000080027d0                DMA1_Channel3_IRQHandler
                0x00000000080027d0                COMP_IRQHandler
                0x00000000080027d0                DSI_IRQHandler
                0x00000000080027d0                WWDG_IRQHandler
                0x00000000080027d0                I2C4_EV_IRQHandler
                0x00000000080027d0                LPUART1_IRQHandler
                0x00000000080027d0                DMA2_Channel6_IRQHandler
                0x00000000080027d0                TIM2_IRQHandler
                0x00000000080027d0                DMA2D_IRQHandler
                0x00000000080027d0                EXTI1_IRQHandler
                0x00000000080027d0                USART2_IRQHandler
                0x00000000080027d0                DFSDM1_FLT0_IRQHandler
                0x00000000080027d0                I2C2_ER_IRQHandler
                0x00000000080027d0                TIM8_BRK_IRQHandler
                0x00000000080027d0                CAN1_SCE_IRQHandler
                0x00000000080027d0                FLASH_IRQHandler
                0x00000000080027d0                USART1_IRQHandler
                0x00000000080027d0                SPI3_IRQHandler
                0x00000000080027d0                I2C1_ER_IRQHandler
                0x00000000080027d0                FMC_IRQHandler
                0x00000000080027d0                LPTIM1_IRQHandler
                0x00000000080027d0                I2C4_ER_IRQHandler
                0x00000000080027d0                SAI1_IRQHandler
                0x00000000080027d0                DMA2_Channel3_IRQHandler
                0x00000000080027d0                TIM1_BRK_TIM15_IRQHandler
 .text.HAL_Init
                0x00000000080027d2       0x30 Drivers/STM32L4xx_HAL_Driver/Src/stm32l4xx_hal.o
                0x00000000080027d2                HAL_Init
 *fill*         0x0000000008002802        0x2 
 .text.HAL_InitTick
                0x0000000008002804       0x78 Drivers/STM32L4xx_HAL_Driver/Src/stm32l4xx_hal.o
                0x0000000008002804                HAL_InitTick
 .text.HAL_IncTick
                0x000000000800287c       0x28 Drivers/STM32L4xx_HAL_Driver/Src/stm32l4xx_hal.o
                0x000000000800287c                HAL_IncTick
 .text.HAL_GetTick
                0x00000000080028a4       0x18 Drivers/STM32L4xx_HAL_Driver/Src/stm32l4xx_hal.o
                0x00000000080028a4                HAL_GetTick
 .text.HAL_Delay
                0x00000000080028bc       0x44 Drivers/STM32L4xx_HAL_Driver/Src/stm32l4xx_hal.o
                0x00000000080028bc                HAL_Delay
 .text.LL_ADC_SetCommonClock
                0x0000000008002900       0x26 Drivers/STM32L4xx_HAL_Driver/Src/stm32l4xx_hal_adc.o
 .text.LL_ADC_SetCommonPathInternalCh
                0x0000000008002926       0x26 Drivers/STM32L4xx_HAL_Driver/Src/stm32l4xx_hal_adc.o
 .text.LL_ADC_GetCommonPathInternalCh
                0x000000000800294c       0x1c Drivers/STM32L4xx_HAL_Driver/Src/stm32l4xx_hal_adc.o
 .text.LL_ADC_SetOffset
                0x0000000008002968       0x48 Drivers/STM32L4xx_HAL_Driver/Src/stm32l4xx_hal_adc.o
 .text.LL_ADC_GetOffsetChannel
                0x00000000080029b0       0x2c Drivers/STM32L4xx_HAL_Driver/Src/stm32l4xx_hal_adc.o
 .text.LL_ADC_SetOffsetState
                0x00000000080029dc       0x36 Drivers/STM32L4xx_HAL_Driver/Src/stm32l4xx_hal_adc.o
 .text.LL_ADC_SetSamplingTimeCommonConfig
                0x0000000008002a12       0x26 Drivers/STM32L4xx_HAL_Driver/Src/stm32l4xx_hal_adc.o
 .text.LL_ADC_REG_IsTriggerSourceSWStart
                0x0000000008002a38       0x26 Drivers/STM32L4xx_HAL_Driver/Src/stm32l4xx_hal_adc.o
 .text.LL_ADC_REG_SetSequencerRanks
                0x0000000008002a5e       0x58 Drivers/STM32L4xx_HAL_Driver/Src/stm32l4xx_hal_adc.o
 .text.LL_ADC_SetChannelSamplingTime
                0x0000000008002ab6       0x56 Drivers/STM32L4xx_HAL_Driver/Src/stm32l4xx_hal_adc.o
 .text.LL_ADC_SetChannelSingleDiff
                0x0000000008002b0c       0x48 Drivers/STM32L4xx_HAL_Driver/Src/stm32l4xx_hal_adc.o
 .text.LL_ADC_DisableDeepPowerDown
                0x0000000008002b54       0x24 Drivers/STM32L4xx_HAL_Driver/Src/stm32l4xx_hal_adc.o
 .text.LL_ADC_IsDeepPowerDownEnabled
                0x0000000008002b78       0x28 Drivers/STM32L4xx_HAL_Driver/Src/stm32l4xx_hal_adc.o
 .text.LL_ADC_EnableInternalRegulator
                0x0000000008002ba0       0x28 Drivers/STM32L4xx_HAL_Driver/Src/stm32l4xx_hal_adc.o
 .text.LL_ADC_IsInternalRegulatorEnabled
                0x0000000008002bc8       0x28 Drivers/STM32L4xx_HAL_Driver/Src/stm32l4xx_hal_adc.o
 .text.LL_ADC_Enable
                0x0000000008002bf0       0x28 Drivers/STM32L4xx_HAL_Driver/Src/stm32l4xx_hal_adc.o
 .text.LL_ADC_Disable
                0x0000000008002c18       0x28 Drivers/STM32L4xx_HAL_Driver/Src/stm32l4xx_hal_adc.o
 .text.LL_ADC_IsEnabled
                0x0000000008002c40       0x26 Drivers/STM32L4xx_HAL_Driver/Src/stm32l4xx_hal_adc.o
 .text.LL_ADC_IsDisableOngoing
                0x0000000008002c66       0x26 Drivers/STM32L4xx_HAL_Driver/Src/stm32l4xx_hal_adc.o
 .text.LL_ADC_REG_StartConversion
                0x0000000008002c8c       0x28 Drivers/STM32L4xx_HAL_Driver/Src/stm32l4xx_hal_adc.o
 .text.LL_ADC_REG_StopConversion
                0x0000000008002cb4       0x28 Drivers/STM32L4xx_HAL_Driver/Src/stm32l4xx_hal_adc.o
 .text.LL_ADC_REG_IsConversionOngoing
                0x0000000008002cdc       0x26 Drivers/STM32L4xx_HAL_Driver/Src/stm32l4xx_hal_adc.o
 .text.LL_ADC_INJ_StopConversion
                0x0000000008002d02       0x28 Drivers/STM32L4xx_HAL_Driver/Src/stm32l4xx_hal_adc.o
 .text.LL_ADC_INJ_IsConversionOngoing
                0x0000000008002d2a       0x26 Drivers/STM32L4xx_HAL_Driver/Src/stm32l4xx_hal_adc.o
 .text.HAL_ADC_Init
                0x0000000008002d50      0x294 Drivers/STM32L4xx_HAL_Driver/Src/stm32l4xx_hal_adc.o
                0x0000000008002d50                HAL_ADC_Init
 .text.HAL_ADC_Start_DMA
                0x0000000008002fe4      0x108 Drivers/STM32L4xx_HAL_Driver/Src/stm32l4xx_hal_adc.o
                0x0000000008002fe4                HAL_ADC_Start_DMA
 .text.HAL_ADC_Stop_DMA
                0x00000000080030ec       0xc2 Drivers/STM32L4xx_HAL_Driver/Src/stm32l4xx_hal_adc.o
                0x00000000080030ec                HAL_ADC_Stop_DMA
 .text.HAL_ADC_ErrorCallback
                0x00000000080031ae       0x14 Drivers/STM32L4xx_HAL_Driver/Src/stm32l4xx_hal_adc.o
                0x00000000080031ae                HAL_ADC_ErrorCallback
 *fill*         0x00000000080031c2        0x2 
 .text.HAL_ADC_ConfigChannel
                0x00000000080031c4      0x7f4 Drivers/STM32L4xx_HAL_Driver/Src/stm32l4xx_hal_adc.o
                0x00000000080031c4                HAL_ADC_ConfigChannel
 .text.ADC_ConversionStop
                0x00000000080039b8      0x168 Drivers/STM32L4xx_HAL_Driver/Src/stm32l4xx_hal_adc.o
                0x00000000080039b8                ADC_ConversionStop
 .text.ADC_Enable
                0x0000000008003b20       0xb4 Drivers/STM32L4xx_HAL_Driver/Src/stm32l4xx_hal_adc.o
                0x0000000008003b20                ADC_Enable
 .text.ADC_Disable
                0x0000000008003bd4       0xb0 Drivers/STM32L4xx_HAL_Driver/Src/stm32l4xx_hal_adc.o
                0x0000000008003bd4                ADC_Disable
 .text.ADC_DMAConvCplt
                0x0000000008003c84       0xd8 Drivers/STM32L4xx_HAL_Driver/Src/stm32l4xx_hal_adc.o
                0x0000000008003c84                ADC_DMAConvCplt
 .text.ADC_DMAHalfConvCplt
                0x0000000008003d5c       0x1c Drivers/STM32L4xx_HAL_Driver/Src/stm32l4xx_hal_adc.o
                0x0000000008003d5c                ADC_DMAHalfConvCplt
 .text.ADC_DMAError
                0x0000000008003d78       0x34 Drivers/STM32L4xx_HAL_Driver/Src/stm32l4xx_hal_adc.o
                0x0000000008003d78                ADC_DMAError
 .text.__NVIC_SetPriorityGrouping
                0x0000000008003dac       0x48 Drivers/STM32L4xx_HAL_Driver/Src/stm32l4xx_hal_cortex.o
 .text.__NVIC_GetPriorityGrouping
                0x0000000008003df4       0x1c Drivers/STM32L4xx_HAL_Driver/Src/stm32l4xx_hal_cortex.o
 .text.__NVIC_EnableIRQ
                0x0000000008003e10       0x3c Drivers/STM32L4xx_HAL_Driver/Src/stm32l4xx_hal_cortex.o
 .text.__NVIC_SetPriority
                0x0000000008003e4c       0x54 Drivers/STM32L4xx_HAL_Driver/Src/stm32l4xx_hal_cortex.o
 .text.NVIC_EncodePriority
                0x0000000008003ea0       0x66 Drivers/STM32L4xx_HAL_Driver/Src/stm32l4xx_hal_cortex.o
 *fill*         0x0000000008003f06        0x2 
 .text.SysTick_Config
                0x0000000008003f08       0x44 Drivers/STM32L4xx_HAL_Driver/Src/stm32l4xx_hal_cortex.o
 .text.HAL_NVIC_SetPriorityGrouping
                0x0000000008003f4c       0x16 Drivers/STM32L4xx_HAL_Driver/Src/stm32l4xx_hal_cortex.o
                0x0000000008003f4c                HAL_NVIC_SetPriorityGrouping
 .text.HAL_NVIC_SetPriority
                0x0000000008003f62       0x38 Drivers/STM32L4xx_HAL_Driver/Src/stm32l4xx_hal_cortex.o
                0x0000000008003f62                HAL_NVIC_SetPriority
 .text.HAL_NVIC_EnableIRQ
                0x0000000008003f9a       0x1c Drivers/STM32L4xx_HAL_Driver/Src/stm32l4xx_hal_cortex.o
                0x0000000008003f9a                HAL_NVIC_EnableIRQ
 .text.HAL_SYSTICK_Config
                0x0000000008003fb6       0x18 Drivers/STM32L4xx_HAL_Driver/Src/stm32l4xx_hal_cortex.o
                0x0000000008003fb6                HAL_SYSTICK_Config
 *fill*         0x0000000008003fce        0x2 
 .text.HAL_DMA_Init
                0x0000000008003fd0      0x150 Drivers/STM32L4xx_HAL_Driver/Src/stm32l4xx_hal_dma.o
                0x0000000008003fd0                HAL_DMA_Init
 .text.HAL_DMA_Start_IT
                0x0000000008004120       0xf6 Drivers/STM32L4xx_HAL_Driver/Src/stm32l4xx_hal_dma.o
                0x0000000008004120                HAL_DMA_Start_IT
 .text.HAL_DMA_Abort
                0x0000000008004216       0xb8 Drivers/STM32L4xx_HAL_Driver/Src/stm32l4xx_hal_dma.o
                0x0000000008004216                HAL_DMA_Abort
 .text.HAL_DMA_IRQHandler
                0x00000000080042ce      0x15e Drivers/STM32L4xx_HAL_Driver/Src/stm32l4xx_hal_dma.o
                0x00000000080042ce                HAL_DMA_IRQHandler
 .text.DMA_SetConfig
                0x000000000800442c       0x7c Drivers/STM32L4xx_HAL_Driver/Src/stm32l4xx_hal_dma.o
 .text.DMA_CalcDMAMUXChannelBaseAndMask
                0x00000000080044a8       0x7c Drivers/STM32L4xx_HAL_Driver/Src/stm32l4xx_hal_dma.o
 .text.DMA_CalcDMAMUXRequestGenBaseAndMask
                0x0000000008004524       0x48 Drivers/STM32L4xx_HAL_Driver/Src/stm32l4xx_hal_dma.o
 .text.HAL_GPIO_Init
                0x000000000800456c      0x324 Drivers/STM32L4xx_HAL_Driver/Src/stm32l4xx_hal_gpio.o
                0x000000000800456c                HAL_GPIO_Init
 .text.HAL_GPIO_WritePin
                0x0000000008004890       0x30 Drivers/STM32L4xx_HAL_Driver/Src/stm32l4xx_hal_gpio.o
                0x0000000008004890                HAL_GPIO_WritePin
 .text.HAL_PCD_Init
                0x00000000080048c0      0x248 Drivers/STM32L4xx_HAL_Driver/Src/stm32l4xx_hal_pcd.o
                0x00000000080048c0                HAL_PCD_Init
 .text.HAL_PCD_Start
                0x0000000008004b08       0x5e Drivers/STM32L4xx_HAL_Driver/Src/stm32l4xx_hal_pcd.o
                0x0000000008004b08                HAL_PCD_Start
 .text.HAL_PCD_IRQHandler
                0x0000000008004b66      0x748 Drivers/STM32L4xx_HAL_Driver/Src/stm32l4xx_hal_pcd.o
                0x0000000008004b66                HAL_PCD_IRQHandler
 .text.HAL_PCD_SetAddress
                0x00000000080052ae       0x4a Drivers/STM32L4xx_HAL_Driver/Src/stm32l4xx_hal_pcd.o
                0x00000000080052ae                HAL_PCD_SetAddress
 .text.HAL_PCD_EP_Open
                0x00000000080052f8       0xd0 Drivers/STM32L4xx_HAL_Driver/Src/stm32l4xx_hal_pcd.o
                0x00000000080052f8                HAL_PCD_EP_Open
 .text.HAL_PCD_EP_Close
                0x00000000080053c8       0x94 Drivers/STM32L4xx_HAL_Driver/Src/stm32l4xx_hal_pcd.o
                0x00000000080053c8                HAL_PCD_EP_Close
 .text.HAL_PCD_EP_Receive
                0x000000000800545c       0x7c Drivers/STM32L4xx_HAL_Driver/Src/stm32l4xx_hal_pcd.o
                0x000000000800545c                HAL_PCD_EP_Receive
 .text.HAL_PCD_EP_GetRxCount
                0x00000000080054d8       0x30 Drivers/STM32L4xx_HAL_Driver/Src/stm32l4xx_hal_pcd.o
                0x00000000080054d8                HAL_PCD_EP_GetRxCount
 .text.HAL_PCD_EP_Transmit
                0x0000000008005508       0x7a Drivers/STM32L4xx_HAL_Driver/Src/stm32l4xx_hal_pcd.o
                0x0000000008005508                HAL_PCD_EP_Transmit
 .text.HAL_PCD_EP_SetStall
                0x0000000008005582       0xc4 Drivers/STM32L4xx_HAL_Driver/Src/stm32l4xx_hal_pcd.o
                0x0000000008005582                HAL_PCD_EP_SetStall
 .text.HAL_PCD_EP_ClrStall
                0x0000000008005646       0xac Drivers/STM32L4xx_HAL_Driver/Src/stm32l4xx_hal_pcd.o
                0x0000000008005646                HAL_PCD_EP_ClrStall
 .text.PCD_WriteEmptyTxFifo
                0x00000000080056f2      0x110 Drivers/STM32L4xx_HAL_Driver/Src/stm32l4xx_hal_pcd.o
 *fill*         0x0000000008005802        0x2 
 .text.PCD_EP_OutXfrComplete_int
                0x0000000008005804       0x9c Drivers/STM32L4xx_HAL_Driver/Src/stm32l4xx_hal_pcd.o
 .text.PCD_EP_OutSetupPacket_int
                0x00000000080058a0       0x68 Drivers/STM32L4xx_HAL_Driver/Src/stm32l4xx_hal_pcd.o
 .text.HAL_PCDEx_SetTxFiFo
                0x0000000008005908       0x8e Drivers/STM32L4xx_HAL_Driver/Src/stm32l4xx_hal_pcd_ex.o
                0x0000000008005908                HAL_PCDEx_SetTxFiFo
 .text.HAL_PCDEx_SetRxFiFo
                0x0000000008005996       0x22 Drivers/STM32L4xx_HAL_Driver/Src/stm32l4xx_hal_pcd_ex.o
                0x0000000008005996                HAL_PCDEx_SetRxFiFo
 .text.HAL_PCDEx_ActivateLPM
                0x00000000080059b8       0x48 Drivers/STM32L4xx_HAL_Driver/Src/stm32l4xx_hal_pcd_ex.o
                0x00000000080059b8                HAL_PCDEx_ActivateLPM
 .text.HAL_PWREx_GetVoltageRange
                0x0000000008005a00       0x40 Drivers/STM32L4xx_HAL_Driver/Src/stm32l4xx_hal_pwr_ex.o
                0x0000000008005a00                HAL_PWREx_GetVoltageRange
 .text.HAL_PWREx_ControlVoltageScaling
                0x0000000008005a40      0x148 Drivers/STM32L4xx_HAL_Driver/Src/stm32l4xx_hal_pwr_ex.o
                0x0000000008005a40                HAL_PWREx_ControlVoltageScaling
 .text.HAL_PWREx_EnableVddUSB
                0x0000000008005b88       0x20 Drivers/STM32L4xx_HAL_Driver/Src/stm32l4xx_hal_pwr_ex.o
                0x0000000008005b88                HAL_PWREx_EnableVddUSB
 .text.HAL_PWREx_EnableVddIO2
                0x0000000008005ba8       0x20 Drivers/STM32L4xx_HAL_Driver/Src/stm32l4xx_hal_pwr_ex.o
                0x0000000008005ba8                HAL_PWREx_EnableVddIO2
 .text.HAL_RCC_OscConfig
                0x0000000008005bc8      0x84c Drivers/STM32L4xx_HAL_Driver/Src/stm32l4xx_hal_rcc.o
                0x0000000008005bc8                HAL_RCC_OscConfig
 .text.HAL_RCC_ClockConfig
                0x0000000008006414      0x258 Drivers/STM32L4xx_HAL_Driver/Src/stm32l4xx_hal_rcc.o
                0x0000000008006414                HAL_RCC_ClockConfig
 .text.HAL_RCC_GetSysClockFreq
                0x000000000800666c      0x110 Drivers/STM32L4xx_HAL_Driver/Src/stm32l4xx_hal_rcc.o
                0x000000000800666c                HAL_RCC_GetSysClockFreq
 .text.HAL_RCC_GetHCLKFreq
                0x000000000800677c       0x18 Drivers/STM32L4xx_HAL_Driver/Src/stm32l4xx_hal_rcc.o
                0x000000000800677c                HAL_RCC_GetHCLKFreq
 .text.HAL_RCC_GetPCLK1Freq
                0x0000000008006794       0x2c Drivers/STM32L4xx_HAL_Driver/Src/stm32l4xx_hal_rcc.o
                0x0000000008006794                HAL_RCC_GetPCLK1Freq
 .text.HAL_RCC_GetPCLK2Freq
                0x00000000080067c0       0x2c Drivers/STM32L4xx_HAL_Driver/Src/stm32l4xx_hal_rcc.o
                0x00000000080067c0                HAL_RCC_GetPCLK2Freq
 .text.RCC_SetFlashLatencyFromMSIRange
                0x00000000080067ec       0xb4 Drivers/STM32L4xx_HAL_Driver/Src/stm32l4xx_hal_rcc.o
 .text.RCC_GetSysClockFreqFromPLLSource
                0x00000000080068a0       0xcc Drivers/STM32L4xx_HAL_Driver/Src/stm32l4xx_hal_rcc.o
 .text.HAL_RCCEx_PeriphCLKConfig
                0x000000000800696c      0x710 Drivers/STM32L4xx_HAL_Driver/Src/stm32l4xx_hal_rcc_ex.o
                0x000000000800696c                HAL_RCCEx_PeriphCLKConfig
 .text.RCCEx_PLLSAI1_Config
                0x000000000800707c      0x1e0 Drivers/STM32L4xx_HAL_Driver/Src/stm32l4xx_hal_rcc_ex.o
 .text.RCCEx_PLLSAI2_Config
                0x000000000800725c      0x1e0 Drivers/STM32L4xx_HAL_Driver/Src/stm32l4xx_hal_rcc_ex.o
 .text.HAL_UART_Init
                0x000000000800743c       0xa0 Drivers/STM32L4xx_HAL_Driver/Src/stm32l4xx_hal_uart.o
                0x000000000800743c                HAL_UART_Init
 .text.HAL_UART_Transmit
                0x00000000080074dc      0x12e Drivers/STM32L4xx_HAL_Driver/Src/stm32l4xx_hal_uart.o
                0x00000000080074dc                HAL_UART_Transmit
 *fill*         0x000000000800760a        0x2 
 .text.UART_SetConfig
                0x000000000800760c      0x5a4 Drivers/STM32L4xx_HAL_Driver/Src/stm32l4xx_hal_uart.o
                0x000000000800760c                UART_SetConfig
 .text.UART_AdvFeatureConfig
                0x0000000008007bb0      0x144 Drivers/STM32L4xx_HAL_Driver/Src/stm32l4xx_hal_uart.o
                0x0000000008007bb0                UART_AdvFeatureConfig
 .text.UART_CheckIdleState
                0x0000000008007cf4       0x90 Drivers/STM32L4xx_HAL_Driver/Src/stm32l4xx_hal_uart.o
                0x0000000008007cf4                UART_CheckIdleState
 .text.UART_WaitOnFlagUntilTimeout
                0x0000000008007d84      0x100 Drivers/STM32L4xx_HAL_Driver/Src/stm32l4xx_hal_uart.o
                0x0000000008007d84                UART_WaitOnFlagUntilTimeout
 .text.HAL_UARTEx_DisableFifoMode
                0x0000000008007e84       0x72 Drivers/STM32L4xx_HAL_Driver/Src/stm32l4xx_hal_uart_ex.o
                0x0000000008007e84                HAL_UARTEx_DisableFifoMode
 .text.HAL_UARTEx_SetTxFifoThreshold
                0x0000000008007ef6       0x7c Drivers/STM32L4xx_HAL_Driver/Src/stm32l4xx_hal_uart_ex.o
                0x0000000008007ef6                HAL_UARTEx_SetTxFifoThreshold
 .text.HAL_UARTEx_SetRxFifoThreshold
                0x0000000008007f72       0x7c Drivers/STM32L4xx_HAL_Driver/Src/stm32l4xx_hal_uart_ex.o
                0x0000000008007f72                HAL_UARTEx_SetRxFifoThreshold
 *fill*         0x0000000008007fee        0x2 
 .text.UARTEx_SetNbDataToProcess
                0x0000000008007ff0       0xd0 Drivers/STM32L4xx_HAL_Driver/Src/stm32l4xx_hal_uart_ex.o
 .text.USB_CoreInit
                0x00000000080080c0       0xa4 Drivers/STM32L4xx_HAL_Driver/Src/stm32l4xx_ll_usb.o
                0x00000000080080c0                USB_CoreInit
 .text.USB_SetTurnaroundTime
                0x0000000008008164      0x138 Drivers/STM32L4xx_HAL_Driver/Src/stm32l4xx_ll_usb.o
                0x0000000008008164                USB_SetTurnaroundTime
 .text.USB_EnableGlobalInt
                0x000000000800829c       0x22 Drivers/STM32L4xx_HAL_Driver/Src/stm32l4xx_ll_usb.o
                0x000000000800829c                USB_EnableGlobalInt
 .text.USB_DisableGlobalInt
                0x00000000080082be       0x22 Drivers/STM32L4xx_HAL_Driver/Src/stm32l4xx_ll_usb.o
                0x00000000080082be                USB_DisableGlobalInt
 .text.USB_SetCurrentMode
                0x00000000080082e0       0x54 Drivers/STM32L4xx_HAL_Driver/Src/stm32l4xx_ll_usb.o
                0x00000000080082e0                USB_SetCurrentMode
 .text.USB_DevInit
                0x0000000008008334      0x298 Drivers/STM32L4xx_HAL_Driver/Src/stm32l4xx_ll_usb.o
                0x0000000008008334                USB_DevInit
 .text.USB_FlushTxFifo
                0x00000000080085cc       0x4c Drivers/STM32L4xx_HAL_Driver/Src/stm32l4xx_ll_usb.o
                0x00000000080085cc                USB_FlushTxFifo
 .text.USB_FlushRxFifo
                0x0000000008008618       0x44 Drivers/STM32L4xx_HAL_Driver/Src/stm32l4xx_ll_usb.o
                0x0000000008008618                USB_FlushRxFifo
 .text.USB_SetDevSpeed
                0x000000000800865c       0x32 Drivers/STM32L4xx_HAL_Driver/Src/stm32l4xx_ll_usb.o
                0x000000000800865c                USB_SetDevSpeed
 .text.USB_GetDevSpeed
                0x000000000800868e       0x3e Drivers/STM32L4xx_HAL_Driver/Src/stm32l4xx_ll_usb.o
                0x000000000800868e                USB_GetDevSpeed
 .text.USB_ActivateEndpoint
                0x00000000080086cc      0x10e Drivers/STM32L4xx_HAL_Driver/Src/stm32l4xx_ll_usb.o
                0x00000000080086cc                USB_ActivateEndpoint
 *fill*         0x00000000080087da        0x2 
 .text.USB_DeactivateEndpoint
                0x00000000080087dc      0x1b8 Drivers/STM32L4xx_HAL_Driver/Src/stm32l4xx_ll_usb.o
                0x00000000080087dc                USB_DeactivateEndpoint
 .text.USB_EPStartXfer
                0x0000000008008994      0x3b8 Drivers/STM32L4xx_HAL_Driver/Src/stm32l4xx_ll_usb.o
                0x0000000008008994                USB_EPStartXfer
 .text.USB_EP0StartXfer
                0x0000000008008d4c      0x23c Drivers/STM32L4xx_HAL_Driver/Src/stm32l4xx_ll_usb.o
                0x0000000008008d4c                USB_EP0StartXfer
 .text.USB_WritePacket
                0x0000000008008f88       0x62 Drivers/STM32L4xx_HAL_Driver/Src/stm32l4xx_ll_usb.o
                0x0000000008008f88                USB_WritePacket
 .text.USB_ReadPacket
                0x0000000008008fea       0x52 Drivers/STM32L4xx_HAL_Driver/Src/stm32l4xx_ll_usb.o
                0x0000000008008fea                USB_ReadPacket
 .text.USB_EPSetStall
                0x000000000800903c       0xdc Drivers/STM32L4xx_HAL_Driver/Src/stm32l4xx_ll_usb.o
                0x000000000800903c                USB_EPSetStall
 .text.USB_EPClearStall
                0x0000000008009118       0xcc Drivers/STM32L4xx_HAL_Driver/Src/stm32l4xx_ll_usb.o
                0x0000000008009118                USB_EPClearStall
 .text.USB_SetDevAddress
                0x00000000080091e4       0x4c Drivers/STM32L4xx_HAL_Driver/Src/stm32l4xx_ll_usb.o
                0x00000000080091e4                USB_SetDevAddress
 .text.USB_DevConnect
                0x0000000008009230       0x42 Drivers/STM32L4xx_HAL_Driver/Src/stm32l4xx_ll_usb.o
                0x0000000008009230                USB_DevConnect
 .text.USB_DevDisconnect
                0x0000000008009272       0x42 Drivers/STM32L4xx_HAL_Driver/Src/stm32l4xx_ll_usb.o
                0x0000000008009272                USB_DevDisconnect
 .text.USB_ReadInterrupts
                0x00000000080092b4       0x26 Drivers/STM32L4xx_HAL_Driver/Src/stm32l4xx_ll_usb.o
                0x00000000080092b4                USB_ReadInterrupts
 .text.USB_ReadDevAllOutEpInterrupt
                0x00000000080092da       0x34 Drivers/STM32L4xx_HAL_Driver/Src/stm32l4xx_ll_usb.o
                0x00000000080092da                USB_ReadDevAllOutEpInterrupt
 .text.USB_ReadDevAllInEpInterrupt
                0x000000000800930e       0x34 Drivers/STM32L4xx_HAL_Driver/Src/stm32l4xx_ll_usb.o
                0x000000000800930e                USB_ReadDevAllInEpInterrupt
 .text.USB_ReadDevOutEPInterrupt
                0x0000000008009342       0x3c Drivers/STM32L4xx_HAL_Driver/Src/stm32l4xx_ll_usb.o
                0x0000000008009342                USB_ReadDevOutEPInterrupt
 .text.USB_ReadDevInEPInterrupt
                0x000000000800937e       0x5c Drivers/STM32L4xx_HAL_Driver/Src/stm32l4xx_ll_usb.o
                0x000000000800937e                USB_ReadDevInEPInterrupt
 .text.USB_GetMode
                0x00000000080093da       0x1c Drivers/STM32L4xx_HAL_Driver/Src/stm32l4xx_ll_usb.o
                0x00000000080093da                USB_GetMode
 .text.USB_ActivateSetup
                0x00000000080093f6       0x46 Drivers/STM32L4xx_HAL_Driver/Src/stm32l4xx_ll_usb.o
                0x00000000080093f6                USB_ActivateSetup
 .text.USB_EP0_OutStart
                0x000000000800943c       0x90 Drivers/STM32L4xx_HAL_Driver/Src/stm32l4xx_ll_usb.o
                0x000000000800943c                USB_EP0_OutStart
 .text.USB_CoreReset
                0x00000000080094cc       0x68 Drivers/STM32L4xx_HAL_Driver/Src/stm32l4xx_ll_usb.o
 .text.USBD_CDC_Init
                0x0000000008009534      0x100 Middlewares/ST/STM32_USB_Device_Library/Class/CDC/Src/usbd_cdc.o
 .text.USBD_CDC_DeInit
                0x0000000008009634       0x74 Middlewares/ST/STM32_USB_Device_Library/Class/CDC/Src/usbd_cdc.o
 .text.USBD_CDC_Setup
                0x00000000080096a8      0x178 Middlewares/ST/STM32_USB_Device_Library/Class/CDC/Src/usbd_cdc.o
 .text.USBD_CDC_DataIn
                0x0000000008009820       0xca Middlewares/ST/STM32_USB_Device_Library/Class/CDC/Src/usbd_cdc.o
 .text.USBD_CDC_DataOut
                0x00000000080098ea       0x56 Middlewares/ST/STM32_USB_Device_Library/Class/CDC/Src/usbd_cdc.o
 .text.USBD_CDC_EP0_RxReady
                0x0000000008009940       0x50 Middlewares/ST/STM32_USB_Device_Library/Class/CDC/Src/usbd_cdc.o
 .text.USBD_CDC_GetFSCfgDesc
                0x0000000008009990       0x20 Middlewares/ST/STM32_USB_Device_Library/Class/CDC/Src/usbd_cdc.o
 .text.USBD_CDC_GetHSCfgDesc
                0x00000000080099b0       0x20 Middlewares/ST/STM32_USB_Device_Library/Class/CDC/Src/usbd_cdc.o
 .text.USBD_CDC_GetOtherSpeedCfgDesc
                0x00000000080099d0       0x20 Middlewares/ST/STM32_USB_Device_Library/Class/CDC/Src/usbd_cdc.o
 .text.USBD_CDC_GetDeviceQualifierDescriptor
                0x00000000080099f0       0x20 Middlewares/ST/STM32_USB_Device_Library/Class/CDC/Src/usbd_cdc.o
                0x00000000080099f0                USBD_CDC_GetDeviceQualifierDescriptor
 .text.USBD_CDC_RegisterInterface
                0x0000000008009a10       0x2a Middlewares/ST/STM32_USB_Device_Library/Class/CDC/Src/usbd_cdc.o
                0x0000000008009a10                USBD_CDC_RegisterInterface
 .text.USBD_CDC_SetTxBuffer
                0x0000000008009a3a       0x32 Middlewares/ST/STM32_USB_Device_Library/Class/CDC/Src/usbd_cdc.o
                0x0000000008009a3a                USBD_CDC_SetTxBuffer
 .text.USBD_CDC_SetRxBuffer
                0x0000000008009a6c       0x28 Middlewares/ST/STM32_USB_Device_Library/Class/CDC/Src/usbd_cdc.o
                0x0000000008009a6c                USBD_CDC_SetRxBuffer
 .text.USBD_CDC_ReceivePacket
                0x0000000008009a94       0x54 Middlewares/ST/STM32_USB_Device_Library/Class/CDC/Src/usbd_cdc.o
                0x0000000008009a94                USBD_CDC_ReceivePacket
 .text.USBD_Init
                0x0000000008009ae8       0x60 Middlewares/ST/STM32_USB_Device_Library/Core/Src/usbd_core.o
                0x0000000008009ae8                USBD_Init
 .text.USBD_RegisterClass
                0x0000000008009b48       0x4e Middlewares/ST/STM32_USB_Device_Library/Core/Src/usbd_core.o
                0x0000000008009b48                USBD_RegisterClass
 .text.USBD_Start
                0x0000000008009b96       0x18 Middlewares/ST/STM32_USB_Device_Library/Core/Src/usbd_core.o
                0x0000000008009b96                USBD_Start
 .text.USBD_RunTestMode
                0x0000000008009bae       0x16 Middlewares/ST/STM32_USB_Device_Library/Core/Src/usbd_core.o
                0x0000000008009bae                USBD_RunTestMode
 .text.USBD_SetClassConfig
                0x0000000008009bc4       0x38 Middlewares/ST/STM32_USB_Device_Library/Core/Src/usbd_core.o
                0x0000000008009bc4                USBD_SetClassConfig
 .text.USBD_ClrClassConfig
                0x0000000008009bfc       0x30 Middlewares/ST/STM32_USB_Device_Library/Core/Src/usbd_core.o
                0x0000000008009bfc                USBD_ClrClassConfig
 .text.USBD_LL_SetupStage
                0x0000000008009c2c       0xa6 Middlewares/ST/STM32_USB_Device_Library/Core/Src/usbd_core.o
                0x0000000008009c2c                USBD_LL_SetupStage
 .text.USBD_LL_DataOutStage
                0x0000000008009cd2       0xc6 Middlewares/ST/STM32_USB_Device_Library/Core/Src/usbd_core.o
                0x0000000008009cd2                USBD_LL_DataOutStage
 .text.USBD_LL_DataInStage
                0x0000000008009d98      0x12c Middlewares/ST/STM32_USB_Device_Library/Core/Src/usbd_core.o
                0x0000000008009d98                USBD_LL_DataInStage
 .text.USBD_LL_Reset
                0x0000000008009ec4       0x82 Middlewares/ST/STM32_USB_Device_Library/Core/Src/usbd_core.o
                0x0000000008009ec4                USBD_LL_Reset
 .text.USBD_LL_SetSpeed
                0x0000000008009f46       0x20 Middlewares/ST/STM32_USB_Device_Library/Core/Src/usbd_core.o
                0x0000000008009f46                USBD_LL_SetSpeed
 .text.USBD_LL_Suspend
                0x0000000008009f66       0x2a Middlewares/ST/STM32_USB_Device_Library/Core/Src/usbd_core.o
                0x0000000008009f66                USBD_LL_Suspend
 .text.USBD_LL_Resume
                0x0000000008009f90       0x2c Middlewares/ST/STM32_USB_Device_Library/Core/Src/usbd_core.o
                0x0000000008009f90                USBD_LL_Resume
 .text.USBD_LL_SOF
                0x0000000008009fbc       0x34 Middlewares/ST/STM32_USB_Device_Library/Core/Src/usbd_core.o
                0x0000000008009fbc                USBD_LL_SOF
 .text.USBD_LL_IsoINIncomplete
                0x0000000008009ff0       0x1a Middlewares/ST/STM32_USB_Device_Library/Core/Src/usbd_core.o
                0x0000000008009ff0                USBD_LL_IsoINIncomplete
 .text.USBD_LL_IsoOUTIncomplete
                0x000000000800a00a       0x1a Middlewares/ST/STM32_USB_Device_Library/Core/Src/usbd_core.o
                0x000000000800a00a                USBD_LL_IsoOUTIncomplete
 .text.USBD_LL_DevConnected
                0x000000000800a024       0x16 Middlewares/ST/STM32_USB_Device_Library/Core/Src/usbd_core.o
                0x000000000800a024                USBD_LL_DevConnected
 .text.USBD_LL_DevDisconnected
                0x000000000800a03a       0x38 Middlewares/ST/STM32_USB_Device_Library/Core/Src/usbd_core.o
                0x000000000800a03a                USBD_LL_DevDisconnected
 .text.SWAPBYTE
                0x000000000800a072       0x3c Middlewares/ST/STM32_USB_Device_Library/Core/Src/usbd_ctlreq.o
 *fill*         0x000000000800a0ae        0x2 
 .text.USBD_StdDevReq
                0x000000000800a0b0       0xdc Middlewares/ST/STM32_USB_Device_Library/Core/Src/usbd_ctlreq.o
                0x000000000800a0b0                USBD_StdDevReq
 .text.USBD_StdItfReq
                0x000000000800a18c       0x8c Middlewares/ST/STM32_USB_Device_Library/Core/Src/usbd_ctlreq.o
                0x000000000800a18c                USBD_StdItfReq
 .text.USBD_StdEPReq
                0x000000000800a218      0x2ae Middlewares/ST/STM32_USB_Device_Library/Core/Src/usbd_ctlreq.o
                0x000000000800a218                USBD_StdEPReq
 *fill*         0x000000000800a4c6        0x2 
 .text.USBD_GetDescriptor
                0x000000000800a4c8      0x328 Middlewares/ST/STM32_USB_Device_Library/Core/Src/usbd_ctlreq.o
 .text.USBD_SetAddress
                0x000000000800a7f0       0x84 Middlewares/ST/STM32_USB_Device_Library/Core/Src/usbd_ctlreq.o
 .text.USBD_SetConfig
                0x000000000800a874      0x148 Middlewares/ST/STM32_USB_Device_Library/Core/Src/usbd_ctlreq.o
 .text.USBD_GetConfig
                0x000000000800a9bc       0x68 Middlewares/ST/STM32_USB_Device_Library/Core/Src/usbd_ctlreq.o
 .text.USBD_GetStatus
                0x000000000800aa24       0x66 Middlewares/ST/STM32_USB_Device_Library/Core/Src/usbd_ctlreq.o
 .text.USBD_SetFeature
                0x000000000800aa8a       0x28 Middlewares/ST/STM32_USB_Device_Library/Core/Src/usbd_ctlreq.o
 .text.USBD_ClrFeature
                0x000000000800aab2       0x42 Middlewares/ST/STM32_USB_Device_Library/Core/Src/usbd_ctlreq.o
 .text.USBD_ParseSetupRequest
                0x000000000800aaf4       0x74 Middlewares/ST/STM32_USB_Device_Library/Core/Src/usbd_ctlreq.o
                0x000000000800aaf4                USBD_ParseSetupRequest
 .text.USBD_CtlError
                0x000000000800ab68       0x22 Middlewares/ST/STM32_USB_Device_Library/Core/Src/usbd_ctlreq.o
                0x000000000800ab68                USBD_CtlError
 .text.USBD_GetString
                0x000000000800ab8a       0x8c Middlewares/ST/STM32_USB_Device_Library/Core/Src/usbd_ctlreq.o
                0x000000000800ab8a                USBD_GetString
 .text.USBD_GetLen
                0x000000000800ac16       0x34 Middlewares/ST/STM32_USB_Device_Library/Core/Src/usbd_ctlreq.o
 .text.USBD_CtlSendData
                0x000000000800ac4a       0x36 Middlewares/ST/STM32_USB_Device_Library/Core/Src/usbd_ioreq.o
                0x000000000800ac4a                USBD_CtlSendData
 .text.USBD_CtlContinueSendData
                0x000000000800ac80       0x22 Middlewares/ST/STM32_USB_Device_Library/Core/Src/usbd_ioreq.o
                0x000000000800ac80                USBD_CtlContinueSendData
 .text.USBD_CtlPrepareRx
                0x000000000800aca2       0x3a Middlewares/ST/STM32_USB_Device_Library/Core/Src/usbd_ioreq.o
                0x000000000800aca2                USBD_CtlPrepareRx
 .text.USBD_CtlContinueRx
                0x000000000800acdc       0x22 Middlewares/ST/STM32_USB_Device_Library/Core/Src/usbd_ioreq.o
                0x000000000800acdc                USBD_CtlContinueRx
 .text.USBD_CtlSendStatus
                0x000000000800acfe       0x26 Middlewares/ST/STM32_USB_Device_Library/Core/Src/usbd_ioreq.o
                0x000000000800acfe                USBD_CtlSendStatus
 .text.USBD_CtlReceiveStatus
                0x000000000800ad24       0x26 Middlewares/ST/STM32_USB_Device_Library/Core/Src/usbd_ioreq.o
                0x000000000800ad24                USBD_CtlReceiveStatus
 *fill*         0x000000000800ad4a        0x2 
 .text.MX_USB_DEVICE_Init
                0x000000000800ad4c       0x60 USB_DEVICE/App/usb_device.o
                0x000000000800ad4c                MX_USB_DEVICE_Init
 .text.CDC_Init_FS
                0x000000000800adac       0x28 USB_DEVICE/App/usbd_cdc_if.o
 .text.CDC_DeInit_FS
                0x000000000800add4       0x10 USB_DEVICE/App/usbd_cdc_if.o
 .text.CDC_Control_FS
                0x000000000800ade4       0xbc USB_DEVICE/App/usbd_cdc_if.o
 .text.CDC_Receive_FS
                0x000000000800aea0       0x28 USB_DEVICE/App/usbd_cdc_if.o
 .text.CDC_TransmitCplt_FS
                0x000000000800aec8       0x22 USB_DEVICE/App/usbd_cdc_if.o
 *fill*         0x000000000800aeea        0x2 
 .text.USBD_FS_DeviceDescriptor
                0x000000000800aeec       0x24 USB_DEVICE/App/usbd_desc.o
                0x000000000800aeec                USBD_FS_DeviceDescriptor
 .text.USBD_FS_LangIDStrDescriptor
                0x000000000800af10       0x24 USB_DEVICE/App/usbd_desc.o
                0x000000000800af10                USBD_FS_LangIDStrDescriptor
 .text.USBD_FS_ProductStrDescriptor
                0x000000000800af34       0x3c USB_DEVICE/App/usbd_desc.o
                0x000000000800af34                USBD_FS_ProductStrDescriptor
 .text.USBD_FS_ManufacturerStrDescriptor
                0x000000000800af70       0x28 USB_DEVICE/App/usbd_desc.o
                0x000000000800af70                USBD_FS_ManufacturerStrDescriptor
 .text.USBD_FS_SerialStrDescriptor
                0x000000000800af98       0x24 USB_DEVICE/App/usbd_desc.o
                0x000000000800af98                USBD_FS_SerialStrDescriptor
 .text.USBD_FS_ConfigStrDescriptor
                0x000000000800afbc       0x3c USB_DEVICE/App/usbd_desc.o
                0x000000000800afbc                USBD_FS_ConfigStrDescriptor
 .text.USBD_FS_InterfaceStrDescriptor
                0x000000000800aff8       0x3c USB_DEVICE/App/usbd_desc.o
                0x000000000800aff8                USBD_FS_InterfaceStrDescriptor
 .text.USBD_FS_USR_BOSDescriptor
                0x000000000800b034       0x24 USB_DEVICE/App/usbd_desc.o
                0x000000000800b034                USBD_FS_USR_BOSDescriptor
 .text.Get_SerialNum
                0x000000000800b058       0x58 USB_DEVICE/App/usbd_desc.o
 .text.IntToUnicode
                0x000000000800b0b0       0x7c USB_DEVICE/App/usbd_desc.o
 .text.HAL_PCD_MspInit
                0x000000000800b12c       0xcc USB_DEVICE/Target/usbd_conf.o
                0x000000000800b12c                HAL_PCD_MspInit
 .text.HAL_PCD_SetupStageCallback
                0x000000000800b1f8       0x24 USB_DEVICE/Target/usbd_conf.o
                0x000000000800b1f8                HAL_PCD_SetupStageCallback
 .text.HAL_PCD_DataOutStageCallback
                0x000000000800b21c       0x36 USB_DEVICE/Target/usbd_conf.o
                0x000000000800b21c                HAL_PCD_DataOutStageCallback
 .text.HAL_PCD_DataInStageCallback
                0x000000000800b252       0x34 USB_DEVICE/Target/usbd_conf.o
                0x000000000800b252                HAL_PCD_DataInStageCallback
 .text.HAL_PCD_SOFCallback
                0x000000000800b286       0x1c USB_DEVICE/Target/usbd_conf.o
                0x000000000800b286                HAL_PCD_SOFCallback
 .text.HAL_PCD_ResetCallback
                0x000000000800b2a2       0x3c USB_DEVICE/Target/usbd_conf.o
                0x000000000800b2a2                HAL_PCD_ResetCallback
 *fill*         0x000000000800b2de        0x2 
 .text.HAL_PCD_SuspendCallback
                0x000000000800b2e0       0x4c USB_DEVICE/Target/usbd_conf.o
                0x000000000800b2e0                HAL_PCD_SuspendCallback
 .text.HAL_PCD_ResumeCallback
                0x000000000800b32c       0x50 USB_DEVICE/Target/usbd_conf.o
                0x000000000800b32c                HAL_PCD_ResumeCallback
 .text.HAL_PCD_ISOOUTIncompleteCallback
                0x000000000800b37c       0x24 USB_DEVICE/Target/usbd_conf.o
                0x000000000800b37c                HAL_PCD_ISOOUTIncompleteCallback
 .text.HAL_PCD_ISOINIncompleteCallback
                0x000000000800b3a0       0x24 USB_DEVICE/Target/usbd_conf.o
                0x000000000800b3a0                HAL_PCD_ISOINIncompleteCallback
 .text.HAL_PCD_ConnectCallback
                0x000000000800b3c4       0x1c USB_DEVICE/Target/usbd_conf.o
                0x000000000800b3c4                HAL_PCD_ConnectCallback
 .text.HAL_PCD_DisconnectCallback
                0x000000000800b3e0       0x1c USB_DEVICE/Target/usbd_conf.o
                0x000000000800b3e0                HAL_PCD_DisconnectCallback
 .text.USBD_LL_Init
                0x000000000800b3fc       0x94 USB_DEVICE/Target/usbd_conf.o
                0x000000000800b3fc                USBD_LL_Init
 .text.USBD_LL_Start
                0x000000000800b490       0x64 USB_DEVICE/Target/usbd_conf.o
                0x000000000800b490                USBD_LL_Start
 .text.USBD_LL_OpenEP
                0x000000000800b4f4       0x7c USB_DEVICE/Target/usbd_conf.o
                0x000000000800b4f4                USBD_LL_OpenEP
 .text.USBD_LL_CloseEP
                0x000000000800b570       0x6c USB_DEVICE/Target/usbd_conf.o
                0x000000000800b570                USBD_LL_CloseEP
 .text.USBD_LL_StallEP
                0x000000000800b5dc       0x6c USB_DEVICE/Target/usbd_conf.o
                0x000000000800b5dc                USBD_LL_StallEP
 .text.USBD_LL_ClearStallEP
                0x000000000800b648       0x6c USB_DEVICE/Target/usbd_conf.o
                0x000000000800b648                USBD_LL_ClearStallEP
 .text.USBD_LL_IsStallEP
                0x000000000800b6b4       0x58 USB_DEVICE/Target/usbd_conf.o
                0x000000000800b6b4                USBD_LL_IsStallEP
 .text.USBD_LL_SetUSBAddress
                0x000000000800b70c       0x6c USB_DEVICE/Target/usbd_conf.o
                0x000000000800b70c                USBD_LL_SetUSBAddress
 .text.USBD_LL_Transmit
                0x000000000800b778       0x70 USB_DEVICE/Target/usbd_conf.o
                0x000000000800b778                USBD_LL_Transmit
 .text.USBD_LL_PrepareReceive
                0x000000000800b7e8       0x70 USB_DEVICE/Target/usbd_conf.o
                0x000000000800b7e8                USBD_LL_PrepareReceive
 .text.USBD_LL_GetRxDataSize
                0x000000000800b858       0x26 USB_DEVICE/Target/usbd_conf.o
                0x000000000800b858                USBD_LL_GetRxDataSize
 *fill*         0x000000000800b87e        0x2 
 .text.HAL_PCDEx_LPM_Callback
                0x000000000800b880       0x9c USB_DEVICE/Target/usbd_conf.o
                0x000000000800b880                HAL_PCDEx_LPM_Callback
 .text.SystemClockConfig_Resume
                0x000000000800b91c        0xc USB_DEVICE/Target/usbd_conf.o
 .text.arm_rfft_fast_init_f32
                0x000000000800b928      0x108 D:\Alberto\Documents\STM32CubeIDE\rsense-micro-adc-dma\lib\libarm_cortexM4lf_math.a(arm_rfft_fast_init_f32.o)
                0x000000000800b928                arm_rfft_fast_init_f32
 .text.arm_rfft_fast_f32
                0x000000000800ba30      0x188 D:\Alberto\Documents\STM32CubeIDE\rsense-micro-adc-dma\lib\libarm_cortexM4lf_math.a(arm_rfft_fast_f32.o)
                0x000000000800ba30                arm_rfft_fast_f32
 .text.arm_cfft_radix8by2_f32
                0x000000000800bbb8      0x1a4 D:\Alberto\Documents\STM32CubeIDE\rsense-micro-adc-dma\lib\libarm_cortexM4lf_math.a(arm_cfft_f32.o)
                0x000000000800bbb8                arm_cfft_radix8by2_f32
 .text.arm_cfft_radix8by4_f32
                0x000000000800bd5c      0x4bc D:\Alberto\Documents\STM32CubeIDE\rsense-micro-adc-dma\lib\libarm_cortexM4lf_math.a(arm_cfft_f32.o)
                0x000000000800bd5c                arm_cfft_radix8by4_f32
 .text.arm_cfft_f32
                0x000000000800c218       0xf4 D:\Alberto\Documents\STM32CubeIDE\rsense-micro-adc-dma\lib\libarm_cortexM4lf_math.a(arm_cfft_f32.o)
                0x000000000800c218                arm_cfft_f32
 .text.arm_cmplx_mag_f32
                0x000000000800c30c      0x1d0 D:\Alberto\Documents\STM32CubeIDE\rsense-micro-adc-dma\lib\libarm_cortexM4lf_math.a(arm_cmplx_mag_f32.o)
                0x000000000800c30c                arm_cmplx_mag_f32
 .text.arm_mult_f32
                0x000000000800c4dc       0x8c D:\Alberto\Documents\STM32CubeIDE\rsense-micro-adc-dma\lib\libarm_cortexM4lf_math.a(arm_mult_f32.o)
                0x000000000800c4dc                arm_mult_f32
 .text.arm_radix8_butterfly_f32
                0x000000000800c568      0x5c4 D:\Alberto\Documents\STM32CubeIDE\rsense-micro-adc-dma\lib\libarm_cortexM4lf_math.a(arm_cfft_radix8_f32.o)
                0x000000000800c568                arm_radix8_butterfly_f32
 .text.calloc   0x000000000800cb2c       0x10 d:/archivosdprograma/stm32cubeide_1.5.0/stm32cubeide/plugins/com.st.stm32cube.ide.mcu.externaltools.gnu-tools-for-stm32.7-2018-q2-update.win32_1.5.0.202011040924/tools/bin/../lib/gcc/arm-none-eabi/7.3.1/../../../../arm-none-eabi/lib/thumb/v7e-m/fpv4-sp/hard\libc_nano.a(lib_a-calloc.o)
                0x000000000800cb2c                calloc
 .text.__errno  0x000000000800cb3c        0xc d:/archivosdprograma/stm32cubeide_1.5.0/stm32cubeide/plugins/com.st.stm32cube.ide.mcu.externaltools.gnu-tools-for-stm32.7-2018-q2-update.win32_1.5.0.202011040924/tools/bin/../lib/gcc/arm-none-eabi/7.3.1/../../../../arm-none-eabi/lib/thumb/v7e-m/fpv4-sp/hard\libc_nano.a(lib_a-errno.o)
                0x000000000800cb3c                __errno
 .text.__libc_init_array
                0x000000000800cb48       0x48 d:/archivosdprograma/stm32cubeide_1.5.0/stm32cubeide/plugins/com.st.stm32cube.ide.mcu.externaltools.gnu-tools-for-stm32.7-2018-q2-update.win32_1.5.0.202011040924/tools/bin/../lib/gcc/arm-none-eabi/7.3.1/../../../../arm-none-eabi/lib/thumb/v7e-m/fpv4-sp/hard\libc_nano.a(lib_a-init.o)
                0x000000000800cb48                __libc_init_array
 .text.malloc   0x000000000800cb90       0x10 d:/archivosdprograma/stm32cubeide_1.5.0/stm32cubeide/plugins/com.st.stm32cube.ide.mcu.externaltools.gnu-tools-for-stm32.7-2018-q2-update.win32_1.5.0.202011040924/tools/bin/../lib/gcc/arm-none-eabi/7.3.1/../../../../arm-none-eabi/lib/thumb/v7e-m/fpv4-sp/hard\libc_nano.a(lib_a-malloc.o)
                0x000000000800cb90                malloc
 .text.free     0x000000000800cba0       0x10 d:/archivosdprograma/stm32cubeide_1.5.0/stm32cubeide/plugins/com.st.stm32cube.ide.mcu.externaltools.gnu-tools-for-stm32.7-2018-q2-update.win32_1.5.0.202011040924/tools/bin/../lib/gcc/arm-none-eabi/7.3.1/../../../../arm-none-eabi/lib/thumb/v7e-m/fpv4-sp/hard\libc_nano.a(lib_a-malloc.o)
                0x000000000800cba0                free
 .text.memcpy   0x000000000800cbb0       0x16 d:/archivosdprograma/stm32cubeide_1.5.0/stm32cubeide/plugins/com.st.stm32cube.ide.mcu.externaltools.gnu-tools-for-stm32.7-2018-q2-update.win32_1.5.0.202011040924/tools/bin/../lib/gcc/arm-none-eabi/7.3.1/../../../../arm-none-eabi/lib/thumb/v7e-m/fpv4-sp/hard\libc_nano.a(lib_a-memcpy-stub.o)
                0x000000000800cbb0                memcpy
 .text.memset   0x000000000800cbc6       0x10 d:/archivosdprograma/stm32cubeide_1.5.0/stm32cubeide/plugins/com.st.stm32cube.ide.mcu.externaltools.gnu-tools-for-stm32.7-2018-q2-update.win32_1.5.0.202011040924/tools/bin/../lib/gcc/arm-none-eabi/7.3.1/../../../../arm-none-eabi/lib/thumb/v7e-m/fpv4-sp/hard\libc_nano.a(lib_a-memset.o)
                0x000000000800cbc6                memset
 .text._calloc_r
                0x000000000800cbd6       0x1c d:/archivosdprograma/stm32cubeide_1.5.0/stm32cubeide/plugins/com.st.stm32cube.ide.mcu.externaltools.gnu-tools-for-stm32.7-2018-q2-update.win32_1.5.0.202011040924/tools/bin/../lib/gcc/arm-none-eabi/7.3.1/../../../../arm-none-eabi/lib/thumb/v7e-m/fpv4-sp/hard\libc_nano.a(lib_a-nano-callocr.o)
                0x000000000800cbd6                _calloc_r
 *fill*         0x000000000800cbf2        0x2 
 .text._free_r  0x000000000800cbf4       0x9c d:/archivosdprograma/stm32cubeide_1.5.0/stm32cubeide/plugins/com.st.stm32cube.ide.mcu.externaltools.gnu-tools-for-stm32.7-2018-q2-update.win32_1.5.0.202011040924/tools/bin/../lib/gcc/arm-none-eabi/7.3.1/../../../../arm-none-eabi/lib/thumb/v7e-m/fpv4-sp/hard\libc_nano.a(lib_a-nano-freer.o)
                0x000000000800cbf4                _free_r
 .text._malloc_r
                0x000000000800cc90       0xb4 d:/archivosdprograma/stm32cubeide_1.5.0/stm32cubeide/plugins/com.st.stm32cube.ide.mcu.externaltools.gnu-tools-for-stm32.7-2018-q2-update.win32_1.5.0.202011040924/tools/bin/../lib/gcc/arm-none-eabi/7.3.1/../../../../arm-none-eabi/lib/thumb/v7e-m/fpv4-sp/hard\libc_nano.a(lib_a-nano-mallocr.o)
                0x000000000800cc90                _malloc_r
 .text._sbrk_r  0x000000000800cd44       0x20 d:/archivosdprograma/stm32cubeide_1.5.0/stm32cubeide/plugins/com.st.stm32cube.ide.mcu.externaltools.gnu-tools-for-stm32.7-2018-q2-update.win32_1.5.0.202011040924/tools/bin/../lib/gcc/arm-none-eabi/7.3.1/../../../../arm-none-eabi/lib/thumb/v7e-m/fpv4-sp/hard\libc_nano.a(lib_a-sbrkr.o)
                0x000000000800cd44                _sbrk_r
 .text.__malloc_lock
                0x000000000800cd64        0x2 d:/archivosdprograma/stm32cubeide_1.5.0/stm32cubeide/plugins/com.st.stm32cube.ide.mcu.externaltools.gnu-tools-for-stm32.7-2018-q2-update.win32_1.5.0.202011040924/tools/bin/../lib/gcc/arm-none-eabi/7.3.1/../../../../arm-none-eabi/lib/thumb/v7e-m/fpv4-sp/hard\libc_nano.a(lib_a-mlock.o)
                0x000000000800cd64                __malloc_lock
 .text.__malloc_unlock
                0x000000000800cd66        0x2 d:/archivosdprograma/stm32cubeide_1.5.0/stm32cubeide/plugins/com.st.stm32cube.ide.mcu.externaltools.gnu-tools-for-stm32.7-2018-q2-update.win32_1.5.0.202011040924/tools/bin/../lib/gcc/arm-none-eabi/7.3.1/../../../../arm-none-eabi/lib/thumb/v7e-m/fpv4-sp/hard\libc_nano.a(lib_a-mlock.o)
                0x000000000800cd66                __malloc_unlock
 .text.cosf     0x000000000800cd68       0x80 d:/archivosdprograma/stm32cubeide_1.5.0/stm32cubeide/plugins/com.st.stm32cube.ide.mcu.externaltools.gnu-tools-for-stm32.7-2018-q2-update.win32_1.5.0.202011040924/tools/bin/../lib/gcc/arm-none-eabi/7.3.1/../../../../arm-none-eabi/lib/thumb/v7e-m/fpv4-sp/hard\libm.a(lib_a-sf_cos.o)
                0x000000000800cd68                cosf
 .text.log      0x000000000800cde8      0x100 d:/archivosdprograma/stm32cubeide_1.5.0/stm32cubeide/plugins/com.st.stm32cube.ide.mcu.externaltools.gnu-tools-for-stm32.7-2018-q2-update.win32_1.5.0.202011040924/tools/bin/../lib/gcc/arm-none-eabi/7.3.1/../../../../arm-none-eabi/lib/thumb/v7e-m/fpv4-sp/hard\libm.a(lib_a-w_log.o)
                0x000000000800cde8                log
 .text.sqrtf    0x000000000800cee8       0xa0 d:/archivosdprograma/stm32cubeide_1.5.0/stm32cubeide/plugins/com.st.stm32cube.ide.mcu.externaltools.gnu-tools-for-stm32.7-2018-q2-update.win32_1.5.0.202011040924/tools/bin/../lib/gcc/arm-none-eabi/7.3.1/../../../../arm-none-eabi/lib/thumb/v7e-m/fpv4-sp/hard\libm.a(lib_a-wf_sqrt.o)
                0x000000000800cee8                sqrtf
 .text.__ieee754_log
                0x000000000800cf88      0x364 d:/archivosdprograma/stm32cubeide_1.5.0/stm32cubeide/plugins/com.st.stm32cube.ide.mcu.externaltools.gnu-tools-for-stm32.7-2018-q2-update.win32_1.5.0.202011040924/tools/bin/../lib/gcc/arm-none-eabi/7.3.1/../../../../arm-none-eabi/lib/thumb/v7e-m/fpv4-sp/hard\libm.a(lib_a-e_log.o)
                0x000000000800cf88                __ieee754_log
 .text.__ieee754_rem_pio2f
                0x000000000800d2ec      0x258 d:/archivosdprograma/stm32cubeide_1.5.0/stm32cubeide/plugins/com.st.stm32cube.ide.mcu.externaltools.gnu-tools-for-stm32.7-2018-q2-update.win32_1.5.0.202011040924/tools/bin/../lib/gcc/arm-none-eabi/7.3.1/../../../../arm-none-eabi/lib/thumb/v7e-m/fpv4-sp/hard\libm.a(lib_a-ef_rem_pio2.o)
                0x000000000800d2ec                __ieee754_rem_pio2f
 .text.__ieee754_sqrtf
                0x000000000800d544        0x6 d:/archivosdprograma/stm32cubeide_1.5.0/stm32cubeide/plugins/com.st.stm32cube.ide.mcu.externaltools.gnu-tools-for-stm32.7-2018-q2-update.win32_1.5.0.202011040924/tools/bin/../lib/gcc/arm-none-eabi/7.3.1/../../../../arm-none-eabi/lib/thumb/v7e-m/fpv4-sp/hard\libm.a(lib_a-ef_sqrt.o)
                0x000000000800d544                __ieee754_sqrtf
 *fill*         0x000000000800d54a        0x2 
 .text.__kernel_cosf
                0x000000000800d54c       0xbc d:/archivosdprograma/stm32cubeide_1.5.0/stm32cubeide/plugins/com.st.stm32cube.ide.mcu.externaltools.gnu-tools-for-stm32.7-2018-q2-update.win32_1.5.0.202011040924/tools/bin/../lib/gcc/arm-none-eabi/7.3.1/../../../../arm-none-eabi/lib/thumb/v7e-m/fpv4-sp/hard\libm.a(lib_a-kf_cos.o)
                0x000000000800d54c                __kernel_cosf
 .text.__kernel_rem_pio2f
                0x000000000800d608      0x504 d:/archivosdprograma/stm32cubeide_1.5.0/stm32cubeide/plugins/com.st.stm32cube.ide.mcu.externaltools.gnu-tools-for-stm32.7-2018-q2-update.win32_1.5.0.202011040924/tools/bin/../lib/gcc/arm-none-eabi/7.3.1/../../../../arm-none-eabi/lib/thumb/v7e-m/fpv4-sp/hard\libm.a(lib_a-kf_rem_pio2.o)
                0x000000000800d608                __kernel_rem_pio2f
 .text.__kernel_sinf
                0x000000000800db0c       0x90 d:/archivosdprograma/stm32cubeide_1.5.0/stm32cubeide/plugins/com.st.stm32cube.ide.mcu.externaltools.gnu-tools-for-stm32.7-2018-q2-update.win32_1.5.0.202011040924/tools/bin/../lib/gcc/arm-none-eabi/7.3.1/../../../../arm-none-eabi/lib/thumb/v7e-m/fpv4-sp/hard\libm.a(lib_a-kf_sin.o)
                0x000000000800db0c                __kernel_sinf
 .text.matherr  0x000000000800db9c        0x4 d:/archivosdprograma/stm32cubeide_1.5.0/stm32cubeide/plugins/com.st.stm32cube.ide.mcu.externaltools.gnu-tools-for-stm32.7-2018-q2-update.win32_1.5.0.202011040924/tools/bin/../lib/gcc/arm-none-eabi/7.3.1/../../../../arm-none-eabi/lib/thumb/v7e-m/fpv4-sp/hard\libm.a(lib_a-s_matherr.o)
                0x000000000800db9c                matherr
 .text.nan      0x000000000800dba0       0x10 d:/archivosdprograma/stm32cubeide_1.5.0/stm32cubeide/plugins/com.st.stm32cube.ide.mcu.externaltools.gnu-tools-for-stm32.7-2018-q2-update.win32_1.5.0.202011040924/tools/bin/../lib/gcc/arm-none-eabi/7.3.1/../../../../arm-none-eabi/lib/thumb/v7e-m/fpv4-sp/hard\libm.a(lib_a-s_nan.o)
                0x000000000800dba0                nan
 .text.fabsf    0x000000000800dbb0        0xe d:/archivosdprograma/stm32cubeide_1.5.0/stm32cubeide/plugins/com.st.stm32cube.ide.mcu.externaltools.gnu-tools-for-stm32.7-2018-q2-update.win32_1.5.0.202011040924/tools/bin/../lib/gcc/arm-none-eabi/7.3.1/../../../../arm-none-eabi/lib/thumb/v7e-m/fpv4-sp/hard\libm.a(lib_a-sf_fabs.o)
                0x000000000800dbb0                fabsf
 *fill*         0x000000000800dbbe        0x2 
 .text.floorf   0x000000000800dbc0       0x84 d:/archivosdprograma/stm32cubeide_1.5.0/stm32cubeide/plugins/com.st.stm32cube.ide.mcu.externaltools.gnu-tools-for-stm32.7-2018-q2-update.win32_1.5.0.202011040924/tools/bin/../lib/gcc/arm-none-eabi/7.3.1/../../../../arm-none-eabi/lib/thumb/v7e-m/fpv4-sp/hard\libm.a(lib_a-sf_floor.o)
                0x000000000800dbc0                floorf
 .text.scalbnf  0x000000000800dc44       0xc0 d:/archivosdprograma/stm32cubeide_1.5.0/stm32cubeide/plugins/com.st.stm32cube.ide.mcu.externaltools.gnu-tools-for-stm32.7-2018-q2-update.win32_1.5.0.202011040924/tools/bin/../lib/gcc/arm-none-eabi/7.3.1/../../../../arm-none-eabi/lib/thumb/v7e-m/fpv4-sp/hard\libm.a(lib_a-sf_scalbn.o)
                0x000000000800dc44                scalbnf
 .text.copysignf
                0x000000000800dd04       0x18 d:/archivosdprograma/stm32cubeide_1.5.0/stm32cubeide/plugins/com.st.stm32cube.ide.mcu.externaltools.gnu-tools-for-stm32.7-2018-q2-update.win32_1.5.0.202011040924/tools/bin/../lib/gcc/arm-none-eabi/7.3.1/../../../../arm-none-eabi/lib/thumb/v7e-m/fpv4-sp/hard\libm.a(lib_a-sf_copysign.o)
                0x000000000800dd04                copysignf
 *(.glue_7)
 .glue_7        0x000000000800dd1c        0x0 linker stubs
 *(.glue_7t)
 .glue_7t       0x000000000800dd1c        0x0 linker stubs
 *(.eh_frame)
 .eh_frame      0x000000000800dd1c        0x0 d:/archivosdprograma/stm32cubeide_1.5.0/stm32cubeide/plugins/com.st.stm32cube.ide.mcu.externaltools.gnu-tools-for-stm32.7-2018-q2-update.win32_1.5.0.202011040924/tools/bin/../lib/gcc/arm-none-eabi/7.3.1/thumb/v7e-m/fpv4-sp/hard/crtbegin.o
 *(.init)
 .init          0x000000000800dd1c        0x4 d:/archivosdprograma/stm32cubeide_1.5.0/stm32cubeide/plugins/com.st.stm32cube.ide.mcu.externaltools.gnu-tools-for-stm32.7-2018-q2-update.win32_1.5.0.202011040924/tools/bin/../lib/gcc/arm-none-eabi/7.3.1/thumb/v7e-m/fpv4-sp/hard/crti.o
                0x000000000800dd1c                _init
 .init          0x000000000800dd20        0x8 d:/archivosdprograma/stm32cubeide_1.5.0/stm32cubeide/plugins/com.st.stm32cube.ide.mcu.externaltools.gnu-tools-for-stm32.7-2018-q2-update.win32_1.5.0.202011040924/tools/bin/../lib/gcc/arm-none-eabi/7.3.1/thumb/v7e-m/fpv4-sp/hard/crtn.o
 *(.fini)
 .fini          0x000000000800dd28        0x4 d:/archivosdprograma/stm32cubeide_1.5.0/stm32cubeide/plugins/com.st.stm32cube.ide.mcu.externaltools.gnu-tools-for-stm32.7-2018-q2-update.win32_1.5.0.202011040924/tools/bin/../lib/gcc/arm-none-eabi/7.3.1/thumb/v7e-m/fpv4-sp/hard/crti.o
                0x000000000800dd28                _fini
 .fini          0x000000000800dd2c        0x8 d:/archivosdprograma/stm32cubeide_1.5.0/stm32cubeide/plugins/com.st.stm32cube.ide.mcu.externaltools.gnu-tools-for-stm32.7-2018-q2-update.win32_1.5.0.202011040924/tools/bin/../lib/gcc/arm-none-eabi/7.3.1/thumb/v7e-m/fpv4-sp/hard/crtn.o
                0x000000000800dd34                . = ALIGN (0x4)
                0x000000000800dd34                _etext = .

.vfp11_veneer   0x000000000800dd34        0x0
 .vfp11_veneer  0x000000000800dd34        0x0 linker stubs

.v4_bx          0x000000000800dd34        0x0
 .v4_bx         0x000000000800dd34        0x0 linker stubs

.iplt           0x000000000800dd34        0x0
 .iplt          0x000000000800dd34        0x0 d:/archivosdprograma/stm32cubeide_1.5.0/stm32cubeide/plugins/com.st.stm32cube.ide.mcu.externaltools.gnu-tools-for-stm32.7-2018-q2-update.win32_1.5.0.202011040924/tools/bin/../lib/gcc/arm-none-eabi/7.3.1/thumb/v7e-m/fpv4-sp/hard/crtbegin.o

.rodata         0x000000000800dd34    0x13950
                0x000000000800dd34                . = ALIGN (0x4)
 *(.rodata)
 .rodata        0x000000000800dd34       0x62 Core/Src/main.o
 *fill*         0x000000000800dd96        0x2 
 .rodata        0x000000000800dd98       0x10 Drivers/STM32L4xx_HAL_Driver/Src/stm32l4xx_hal_uart_ex.o
 .rodata        0x000000000800dda8       0x46 USB_DEVICE/App/usbd_desc.o
 *(.rodata*)
 *fill*         0x000000000800ddee        0x2 
 .rodata.AHBPrescTable
                0x000000000800ddf0       0x10 Core/Src/system_stm32l4xx.o
                0x000000000800ddf0                AHBPrescTable
 .rodata.APBPrescTable
                0x000000000800de00        0x8 Core/Src/system_stm32l4xx.o
                0x000000000800de00                APBPrescTable
 .rodata.MSIRangeTable
                0x000000000800de08       0x30 Core/Src/system_stm32l4xx.o
                0x000000000800de08                MSIRangeTable
 .rodata.UARTPrescTable
                0x000000000800de38       0x18 Drivers/STM32L4xx_HAL_Driver/Src/stm32l4xx_hal_uart.o
                0x000000000800de38                UARTPrescTable
 .rodata.twiddleCoef_2048
                0x000000000800de50     0x4000 D:\Alberto\Documents\STM32CubeIDE\rsense-micro-adc-dma\lib\libarm_cortexM4lf_math.a(arm_common_tables.o)
                0x000000000800de50                twiddleCoef_2048
 .rodata.twiddleCoef_rfft_64
                0x0000000008011e50      0x100 D:\Alberto\Documents\STM32CubeIDE\rsense-micro-adc-dma\lib\libarm_cortexM4lf_math.a(arm_common_tables.o)
                0x0000000008011e50                twiddleCoef_rfft_64
 .rodata.armBitRevIndexTable64
                0x0000000008011f50       0x70 D:\Alberto\Documents\STM32CubeIDE\rsense-micro-adc-dma\lib\libarm_cortexM4lf_math.a(arm_common_tables.o)
                0x0000000008011f50                armBitRevIndexTable64
 .rodata.twiddleCoef_rfft_2048
                0x0000000008011fc0     0x2000 D:\Alberto\Documents\STM32CubeIDE\rsense-micro-adc-dma\lib\libarm_cortexM4lf_math.a(arm_common_tables.o)
                0x0000000008011fc0                twiddleCoef_rfft_2048
 .rodata.twiddleCoef_rfft_4096
                0x0000000008013fc0     0x4000 D:\Alberto\Documents\STM32CubeIDE\rsense-micro-adc-dma\lib\libarm_cortexM4lf_math.a(arm_common_tables.o)
                0x0000000008013fc0                twiddleCoef_rfft_4096
 .rodata.twiddleCoef_256
                0x0000000008017fc0      0x800 D:\Alberto\Documents\STM32CubeIDE\rsense-micro-adc-dma\lib\libarm_cortexM4lf_math.a(arm_common_tables.o)
                0x0000000008017fc0                twiddleCoef_256
 .rodata.twiddleCoef_16
                0x00000000080187c0       0x80 D:\Alberto\Documents\STM32CubeIDE\rsense-micro-adc-dma\lib\libarm_cortexM4lf_math.a(arm_common_tables.o)
                0x00000000080187c0                twiddleCoef_16
 .rodata.twiddleCoef_1024
                0x0000000008018840     0x2000 D:\Alberto\Documents\STM32CubeIDE\rsense-micro-adc-dma\lib\libarm_cortexM4lf_math.a(arm_common_tables.o)
                0x0000000008018840                twiddleCoef_1024
 .rodata.twiddleCoef_32
                0x000000000801a840      0x100 D:\Alberto\Documents\STM32CubeIDE\rsense-micro-adc-dma\lib\libarm_cortexM4lf_math.a(arm_common_tables.o)
                0x000000000801a840                twiddleCoef_32
 .rodata.armBitRevIndexTable1024
                0x000000000801a940      0xe10 D:\Alberto\Documents\STM32CubeIDE\rsense-micro-adc-dma\lib\libarm_cortexM4lf_math.a(arm_common_tables.o)
                0x000000000801a940                armBitRevIndexTable1024
 .rodata.armBitRevIndexTable16
                0x000000000801b750       0x28 D:\Alberto\Documents\STM32CubeIDE\rsense-micro-adc-dma\lib\libarm_cortexM4lf_math.a(arm_common_tables.o)
                0x000000000801b750                armBitRevIndexTable16
 .rodata.twiddleCoef_rfft_32
                0x000000000801b778       0x80 D:\Alberto\Documents\STM32CubeIDE\rsense-micro-adc-dma\lib\libarm_cortexM4lf_math.a(arm_common_tables.o)
                0x000000000801b778                twiddleCoef_rfft_32
 .rodata.armBitRevIndexTable32
                0x000000000801b7f8       0x60 D:\Alberto\Documents\STM32CubeIDE\rsense-micro-adc-dma\lib\libarm_cortexM4lf_math.a(arm_common_tables.o)
                0x000000000801b7f8                armBitRevIndexTable32
 .rodata.twiddleCoef_128
                0x000000000801b858      0x400 D:\Alberto\Documents\STM32CubeIDE\rsense-micro-adc-dma\lib\libarm_cortexM4lf_math.a(arm_common_tables.o)
                0x000000000801b858                twiddleCoef_128
 .rodata.twiddleCoef_512
                0x000000000801bc58     0x1000 D:\Alberto\Documents\STM32CubeIDE\rsense-micro-adc-dma\lib\libarm_cortexM4lf_math.a(arm_common_tables.o)
                0x000000000801bc58                twiddleCoef_512
 .rodata.armBitRevIndexTable2048
                0x000000000801cc58     0x1dc0 D:\Alberto\Documents\STM32CubeIDE\rsense-micro-adc-dma\lib\libarm_cortexM4lf_math.a(arm_common_tables.o)
                0x000000000801cc58                armBitRevIndexTable2048
 .rodata.twiddleCoef_64
                0x000000000801ea18      0x200 D:\Alberto\Documents\STM32CubeIDE\rsense-micro-adc-dma\lib\libarm_cortexM4lf_math.a(arm_common_tables.o)
                0x000000000801ea18                twiddleCoef_64
 .rodata.twiddleCoef_rfft_512
                0x000000000801ec18      0x800 D:\Alberto\Documents\STM32CubeIDE\rsense-micro-adc-dma\lib\libarm_cortexM4lf_math.a(arm_common_tables.o)
                0x000000000801ec18                twiddleCoef_rfft_512
 .rodata.armBitRevIndexTable512
                0x000000000801f418      0x380 D:\Alberto\Documents\STM32CubeIDE\rsense-micro-adc-dma\lib\libarm_cortexM4lf_math.a(arm_common_tables.o)
                0x000000000801f418                armBitRevIndexTable512
 .rodata.twiddleCoef_rfft_1024
                0x000000000801f798     0x1000 D:\Alberto\Documents\STM32CubeIDE\rsense-micro-adc-dma\lib\libarm_cortexM4lf_math.a(arm_common_tables.o)
                0x000000000801f798                twiddleCoef_rfft_1024
 .rodata.twiddleCoef_rfft_256
                0x0000000008020798      0x400 D:\Alberto\Documents\STM32CubeIDE\rsense-micro-adc-dma\lib\libarm_cortexM4lf_math.a(arm_common_tables.o)
                0x0000000008020798                twiddleCoef_rfft_256
 .rodata.armBitRevIndexTable256
                0x0000000008020b98      0x370 D:\Alberto\Documents\STM32CubeIDE\rsense-micro-adc-dma\lib\libarm_cortexM4lf_math.a(arm_common_tables.o)
                0x0000000008020b98                armBitRevIndexTable256
 .rodata.twiddleCoef_rfft_128
                0x0000000008020f08      0x200 D:\Alberto\Documents\STM32CubeIDE\rsense-micro-adc-dma\lib\libarm_cortexM4lf_math.a(arm_common_tables.o)
                0x0000000008020f08                twiddleCoef_rfft_128
 .rodata.armBitRevIndexTable128
                0x0000000008021108      0x1a0 D:\Alberto\Documents\STM32CubeIDE\rsense-micro-adc-dma\lib\libarm_cortexM4lf_math.a(arm_common_tables.o)
                0x0000000008021108                armBitRevIndexTable128
 .rodata.log.str1.1
                0x00000000080212a8        0x4 d:/archivosdprograma/stm32cubeide_1.5.0/stm32cubeide/plugins/com.st.stm32cube.ide.mcu.externaltools.gnu-tools-for-stm32.7-2018-q2-update.win32_1.5.0.202011040924/tools/bin/../lib/gcc/arm-none-eabi/7.3.1/../../../../arm-none-eabi/lib/thumb/v7e-m/fpv4-sp/hard\libm.a(lib_a-w_log.o)
                                          0x5 (size before relaxing)
 .rodata.sqrtf.str1.1
                0x00000000080212ac        0x6 d:/archivosdprograma/stm32cubeide_1.5.0/stm32cubeide/plugins/com.st.stm32cube.ide.mcu.externaltools.gnu-tools-for-stm32.7-2018-q2-update.win32_1.5.0.202011040924/tools/bin/../lib/gcc/arm-none-eabi/7.3.1/../../../../arm-none-eabi/lib/thumb/v7e-m/fpv4-sp/hard\libm.a(lib_a-wf_sqrt.o)
 *fill*         0x00000000080212b2        0x2 
 .rodata.npio2_hw
                0x00000000080212b4       0x80 d:/archivosdprograma/stm32cubeide_1.5.0/stm32cubeide/plugins/com.st.stm32cube.ide.mcu.externaltools.gnu-tools-for-stm32.7-2018-q2-update.win32_1.5.0.202011040924/tools/bin/../lib/gcc/arm-none-eabi/7.3.1/../../../../arm-none-eabi/lib/thumb/v7e-m/fpv4-sp/hard\libm.a(lib_a-ef_rem_pio2.o)
 .rodata.two_over_pi
                0x0000000008021334      0x318 d:/archivosdprograma/stm32cubeide_1.5.0/stm32cubeide/plugins/com.st.stm32cube.ide.mcu.externaltools.gnu-tools-for-stm32.7-2018-q2-update.win32_1.5.0.202011040924/tools/bin/../lib/gcc/arm-none-eabi/7.3.1/../../../../arm-none-eabi/lib/thumb/v7e-m/fpv4-sp/hard\libm.a(lib_a-ef_rem_pio2.o)
 .rodata.PIo2   0x000000000802164c       0x2c d:/archivosdprograma/stm32cubeide_1.5.0/stm32cubeide/plugins/com.st.stm32cube.ide.mcu.externaltools.gnu-tools-for-stm32.7-2018-q2-update.win32_1.5.0.202011040924/tools/bin/../lib/gcc/arm-none-eabi/7.3.1/../../../../arm-none-eabi/lib/thumb/v7e-m/fpv4-sp/hard\libm.a(lib_a-kf_rem_pio2.o)
 .rodata.init_jk
                0x0000000008021678        0xc d:/archivosdprograma/stm32cubeide_1.5.0/stm32cubeide/plugins/com.st.stm32cube.ide.mcu.externaltools.gnu-tools-for-stm32.7-2018-q2-update.win32_1.5.0.202011040924/tools/bin/../lib/gcc/arm-none-eabi/7.3.1/../../../../arm-none-eabi/lib/thumb/v7e-m/fpv4-sp/hard\libm.a(lib_a-kf_rem_pio2.o)
                0x0000000008021684                . = ALIGN (0x4)

.ARM.extab      0x0000000008021684        0x0
                0x0000000008021684                . = ALIGN (0x4)
 *(.ARM.extab* .gnu.linkonce.armextab.*)
                0x0000000008021684                . = ALIGN (0x4)

.ARM            0x0000000008021684        0x8
                0x0000000008021684                . = ALIGN (0x4)
                0x0000000008021684                __exidx_start = .
 *(.ARM.exidx*)
 .ARM.exidx     0x0000000008021684        0x8 d:/archivosdprograma/stm32cubeide_1.5.0/stm32cubeide/plugins/com.st.stm32cube.ide.mcu.externaltools.gnu-tools-for-stm32.7-2018-q2-update.win32_1.5.0.202011040924/tools/bin/../lib/gcc/arm-none-eabi/7.3.1/thumb/v7e-m/fpv4-sp/hard\libgcc.a(_udivmoddi4.o)
                0x000000000802168c                __exidx_end = .
                0x000000000802168c                . = ALIGN (0x4)

.rel.dyn        0x000000000802168c        0x0
 .rel.iplt      0x000000000802168c        0x0 d:/archivosdprograma/stm32cubeide_1.5.0/stm32cubeide/plugins/com.st.stm32cube.ide.mcu.externaltools.gnu-tools-for-stm32.7-2018-q2-update.win32_1.5.0.202011040924/tools/bin/../lib/gcc/arm-none-eabi/7.3.1/thumb/v7e-m/fpv4-sp/hard/crtbegin.o

.preinit_array  0x000000000802168c        0x0
                0x000000000802168c                . = ALIGN (0x4)
                0x000000000802168c                PROVIDE (__preinit_array_start = .)
 *(.preinit_array*)
                0x000000000802168c                PROVIDE (__preinit_array_end = .)
                0x000000000802168c                . = ALIGN (0x4)

.init_array     0x000000000802168c        0x4
                0x000000000802168c                . = ALIGN (0x4)
                0x000000000802168c                PROVIDE (__init_array_start = .)
 *(SORT_BY_NAME(.init_array.*))
 *(.init_array*)
 .init_array    0x000000000802168c        0x4 d:/archivosdprograma/stm32cubeide_1.5.0/stm32cubeide/plugins/com.st.stm32cube.ide.mcu.externaltools.gnu-tools-for-stm32.7-2018-q2-update.win32_1.5.0.202011040924/tools/bin/../lib/gcc/arm-none-eabi/7.3.1/thumb/v7e-m/fpv4-sp/hard/crtbegin.o
                0x0000000008021690                PROVIDE (__init_array_end = .)
                0x0000000008021690                . = ALIGN (0x4)

.fini_array     0x0000000008021690        0x4
                0x0000000008021690                . = ALIGN (0x4)
                [!provide]                        PROVIDE (__fini_array_start = .)
 *(SORT_BY_NAME(.fini_array.*))
 *(.fini_array*)
 .fini_array    0x0000000008021690        0x4 d:/archivosdprograma/stm32cubeide_1.5.0/stm32cubeide/plugins/com.st.stm32cube.ide.mcu.externaltools.gnu-tools-for-stm32.7-2018-q2-update.win32_1.5.0.202011040924/tools/bin/../lib/gcc/arm-none-eabi/7.3.1/thumb/v7e-m/fpv4-sp/hard/crtbegin.o
                [!provide]                        PROVIDE (__fini_array_end = .)
                0x0000000008021694                . = ALIGN (0x4)
                0x0000000008021694                _sidata = LOADADDR (.data)

.data           0x0000000020000000      0x1f8 load address 0x0000000008021694
                0x0000000020000000                . = ALIGN (0x4)
                0x0000000020000000                _sdata = .
 *(.data)
 *(.data*)
 .data.SystemCoreClock
                0x0000000020000000        0x4 Core/Src/system_stm32l4xx.o
                0x0000000020000000                SystemCoreClock
 .data.uwTickPrio
                0x0000000020000004        0x4 Drivers/STM32L4xx_HAL_Driver/Src/stm32l4xx_hal.o
                0x0000000020000004                uwTickPrio
 .data.uwTickFreq
                0x0000000020000008        0x1 Drivers/STM32L4xx_HAL_Driver/Src/stm32l4xx_hal.o
                0x0000000020000008                uwTickFreq
 *fill*         0x0000000020000009        0x3 
 .data.USBD_CDC_DeviceQualifierDesc
                0x000000002000000c        0xa Middlewares/ST/STM32_USB_Device_Library/Class/CDC/Src/usbd_cdc.o
 *fill*         0x0000000020000016        0x2 
 .data.USBD_CDC
                0x0000000020000018       0x38 Middlewares/ST/STM32_USB_Device_Library/Class/CDC/Src/usbd_cdc.o
                0x0000000020000018                USBD_CDC
 .data.USBD_CDC_CfgHSDesc
                0x0000000020000050       0x43 Middlewares/ST/STM32_USB_Device_Library/Class/CDC/Src/usbd_cdc.o
 *fill*         0x0000000020000093        0x1 
 .data.USBD_CDC_CfgFSDesc
                0x0000000020000094       0x43 Middlewares/ST/STM32_USB_Device_Library/Class/CDC/Src/usbd_cdc.o
 *fill*         0x00000000200000d7        0x1 
 .data.USBD_CDC_OtherSpeedCfgDesc
                0x00000000200000d8       0x43 Middlewares/ST/STM32_USB_Device_Library/Class/CDC/Src/usbd_cdc.o
 *fill*         0x000000002000011b        0x1 
 .data.USBD_Interface_fops_FS
                0x000000002000011c       0x14 USB_DEVICE/App/usbd_cdc_if.o
                0x000000002000011c                USBD_Interface_fops_FS
 .data.FS_Desc  0x0000000020000130       0x20 USB_DEVICE/App/usbd_desc.o
                0x0000000020000130                FS_Desc
 .data.USBD_FS_DeviceDesc
                0x0000000020000150       0x12 USB_DEVICE/App/usbd_desc.o
                0x0000000020000150                USBD_FS_DeviceDesc
 *fill*         0x0000000020000162        0x2 
 .data.USBD_FS_BOSDesc
                0x0000000020000164        0xc USB_DEVICE/App/usbd_desc.o
                0x0000000020000164                USBD_FS_BOSDesc
 .data.USBD_LangIDDesc
                0x0000000020000170        0x4 USB_DEVICE/App/usbd_desc.o
                0x0000000020000170                USBD_LangIDDesc
 .data.USBD_StringSerial
                0x0000000020000174       0x1a USB_DEVICE/App/usbd_desc.o
                0x0000000020000174                USBD_StringSerial
 *fill*         0x000000002000018e        0x2 
 .data._impure_ptr